Archive member included to satisfy reference by file (symbol)

/usr/lib/gcc/arm-none-eabi/10.3.1/thumb/v6-m/nofp/libgcc.a(_dvmd_tls.o)
                              CMakeFiles/main.dir/mnt/d/OneDrive/OneDrive_-_Technical_University_of_Cluj-Napoca/Research/RpiPico/pico-sdk/src/rp2_common/pico_divider/divider.S.obj (__aeabi_idiv0)
/usr/lib/gcc/arm-none-eabi/10.3.1/../../../arm-none-eabi/lib/thumb/v6-m/nofp/libg.a(lib_a-atexit.o)
                              /usr/lib/gcc/arm-none-eabi/10.3.1/../../../arm-none-eabi/lib/thumb/v6-m/nofp/crt0.o (atexit)
/usr/lib/gcc/arm-none-eabi/10.3.1/../../../arm-none-eabi/lib/thumb/v6-m/nofp/libg.a(lib_a-calloc.o)
                              CMakeFiles/main.dir/mnt/d/OneDrive/OneDrive_-_Technical_University_of_Cluj-Napoca/Research/RpiPico/pico-sdk/src/rp2_common/pico_malloc/pico_malloc.c.obj (calloc)
/usr/lib/gcc/arm-none-eabi/10.3.1/../../../arm-none-eabi/lib/thumb/v6-m/nofp/libg.a(lib_a-callocr.o)
                              /usr/lib/gcc/arm-none-eabi/10.3.1/../../../arm-none-eabi/lib/thumb/v6-m/nofp/libg.a(lib_a-calloc.o) (_calloc_r)
/usr/lib/gcc/arm-none-eabi/10.3.1/../../../arm-none-eabi/lib/thumb/v6-m/nofp/libg.a(lib_a-fini.o)
                              /usr/lib/gcc/arm-none-eabi/10.3.1/../../../arm-none-eabi/lib/thumb/v6-m/nofp/crt0.o (__libc_fini_array)
/usr/lib/gcc/arm-none-eabi/10.3.1/../../../arm-none-eabi/lib/thumb/v6-m/nofp/libg.a(lib_a-impure.o)
                              /usr/lib/gcc/arm-none-eabi/10.3.1/../../../arm-none-eabi/lib/thumb/v6-m/nofp/libg.a(lib_a-calloc.o) (_impure_ptr)
/usr/lib/gcc/arm-none-eabi/10.3.1/../../../arm-none-eabi/lib/thumb/v6-m/nofp/libg.a(lib_a-init.o)
                              /usr/lib/gcc/arm-none-eabi/10.3.1/../../../arm-none-eabi/lib/thumb/v6-m/nofp/crt0.o (__libc_init_array)
/usr/lib/gcc/arm-none-eabi/10.3.1/../../../arm-none-eabi/lib/thumb/v6-m/nofp/libg.a(lib_a-malloc.o)
                              CMakeFiles/main.dir/mnt/d/OneDrive/OneDrive_-_Technical_University_of_Cluj-Napoca/Research/RpiPico/pico-sdk/src/rp2_common/pico_malloc/pico_malloc.c.obj (malloc)
/usr/lib/gcc/arm-none-eabi/10.3.1/../../../arm-none-eabi/lib/thumb/v6-m/nofp/libg.a(lib_a-mallocr.o)
                              /usr/lib/gcc/arm-none-eabi/10.3.1/../../../arm-none-eabi/lib/thumb/v6-m/nofp/libg.a(lib_a-callocr.o) (_malloc_r)
/usr/lib/gcc/arm-none-eabi/10.3.1/../../../arm-none-eabi/lib/thumb/v6-m/nofp/libg.a(lib_a-mlock.o)
                              /usr/lib/gcc/arm-none-eabi/10.3.1/../../../arm-none-eabi/lib/thumb/v6-m/nofp/libg.a(lib_a-mallocr.o) (__malloc_lock)
/usr/lib/gcc/arm-none-eabi/10.3.1/../../../arm-none-eabi/lib/thumb/v6-m/nofp/libg.a(lib_a-realloc.o)
                              CMakeFiles/main.dir/mnt/d/OneDrive/OneDrive_-_Technical_University_of_Cluj-Napoca/Research/RpiPico/pico-sdk/src/rp2_common/pico_malloc/pico_malloc.c.obj (realloc)
/usr/lib/gcc/arm-none-eabi/10.3.1/../../../arm-none-eabi/lib/thumb/v6-m/nofp/libg.a(lib_a-reallocr.o)
                              /usr/lib/gcc/arm-none-eabi/10.3.1/../../../arm-none-eabi/lib/thumb/v6-m/nofp/libg.a(lib_a-realloc.o) (_realloc_r)
/usr/lib/gcc/arm-none-eabi/10.3.1/../../../arm-none-eabi/lib/thumb/v6-m/nofp/libg.a(lib_a-sbrkr.o)
                              /usr/lib/gcc/arm-none-eabi/10.3.1/../../../arm-none-eabi/lib/thumb/v6-m/nofp/libg.a(lib_a-mallocr.o) (_sbrk_r)
/usr/lib/gcc/arm-none-eabi/10.3.1/../../../arm-none-eabi/lib/thumb/v6-m/nofp/libg.a(lib_a-strlen-stub.o)
                              CMakeFiles/main.dir/mnt/d/OneDrive/OneDrive_-_Technical_University_of_Cluj-Napoca/Research/RpiPico/pico-sdk/src/rp2_common/pico_stdio/stdio.c.obj (strlen)
/usr/lib/gcc/arm-none-eabi/10.3.1/../../../arm-none-eabi/lib/thumb/v6-m/nofp/libg.a(lib_a-__atexit.o)
                              /usr/lib/gcc/arm-none-eabi/10.3.1/../../../arm-none-eabi/lib/thumb/v6-m/nofp/libg.a(lib_a-atexit.o) (__register_exitproc)
/usr/lib/gcc/arm-none-eabi/10.3.1/../../../arm-none-eabi/lib/thumb/v6-m/nofp/libg.a(lib_a-freer.o)
                              /usr/lib/gcc/arm-none-eabi/10.3.1/../../../arm-none-eabi/lib/thumb/v6-m/nofp/libg.a(lib_a-malloc.o) (_free_r)
/usr/lib/gcc/arm-none-eabi/10.3.1/../../../arm-none-eabi/lib/thumb/v6-m/nofp/libg.a(lib_a-memmove.o)
                              /usr/lib/gcc/arm-none-eabi/10.3.1/../../../arm-none-eabi/lib/thumb/v6-m/nofp/libg.a(lib_a-reallocr.o) (memmove)
/usr/lib/gcc/arm-none-eabi/10.3.1/../../../arm-none-eabi/lib/thumb/v6-m/nofp/libg.a(lib_a-reent.o)
                              /usr/lib/gcc/arm-none-eabi/10.3.1/../../../arm-none-eabi/lib/thumb/v6-m/nofp/libg.a(lib_a-sbrkr.o) (errno)

Discarded input sections

 .text          0x0000000000000000        0x0 /usr/lib/gcc/arm-none-eabi/10.3.1/thumb/v6-m/nofp/crti.o
 .data          0x0000000000000000        0x0 /usr/lib/gcc/arm-none-eabi/10.3.1/thumb/v6-m/nofp/crti.o
 .bss           0x0000000000000000        0x0 /usr/lib/gcc/arm-none-eabi/10.3.1/thumb/v6-m/nofp/crti.o
[...]
Memory Configuration

Name             Origin             Length             Attributes
FLASH            0x0000000010000000 0x0000000000200000 xr
RAM              0x0000000020000000 0x0000000000040000 xrw
SCRATCH_X        0x0000000020040000 0x0000000000001000 xrw
SCRATCH_Y        0x0000000020041000 0x0000000000001000 xrw
*default*        0x0000000000000000 0xffffffffffffffff

Linker script and memory map

LOAD /usr/lib/gcc/arm-none-eabi/10.3.1/thumb/v6-m/nofp/crti.o
LOAD /usr/lib/gcc/arm-none-eabi/10.3.1/thumb/v6-m/nofp/crtbegin.o
LOAD /usr/lib/gcc/arm-none-eabi/10.3.1/../../../arm-none-eabi/lib/thumb/v6-m/nofp/crt0.o

.flash_begin    0x0000000010000000        0x0
                0x0000000010000000                __flash_binary_start = .

.boot2          0x0000000010000000      0x100
                0x0000000010000000                __boot2_start__ = .
 *(.boot2)
 .boot2         0x0000000010000000      0x100 /tmp/ccgFGKXS.o
                0x0000000010000100                __boot2_end__ = .
                0x0000000000000001                ASSERT (((__boot2_end__ - __boot2_start__) == 0x100), ERROR: Pico second stage bootloader must be 256 bytes in size)

.text           0x0000000010000100     0x7470
                0x0000000010000100                __logical_binary_start = .
 *(.vectors)
 .vectors       0x0000000010000100       0xd4 CMakeFiles/main.dir/mnt/d/OneDrive/OneDrive_-_Technical_University_of_Cluj-Napoca/Research/RpiPico/pico-sdk/src/rp2_common/pico_standard_link/crt0.S.obj
                0x0000000010000100                __vectors
                0x0000000010000100                __VECTOR_TABLE
                0x00000000100001c0                isr_invalid
                0x00000000100001c0                __default_isrs_start
                0x00000000100001c2                isr_nmi
                0x00000000100001c4                isr_hardfault
                0x00000000100001c6                isr_svcall
                0x00000000100001c8                isr_pendsv
                0x00000000100001ca                isr_systick
                0x00000000100001cc                isr_irq30
                0x00000000100001cc                __unhandled_user_irq
                0x00000000100001cc                isr_irq13
                0x00000000100001cc                isr_irq27
                0x00000000100001cc                isr_irq31
                0x00000000100001cc                isr_irq5
                0x00000000100001cc                isr_irq11
                0x00000000100001cc                isr_irq23
                0x00000000100001cc                isr_irq18
                0x00000000100001cc                isr_irq28
                0x00000000100001cc                isr_irq19
                0x00000000100001cc                isr_irq0
                0x00000000100001cc                isr_irq6
                0x00000000100001cc                isr_irq22
                0x00000000100001cc                isr_irq17
                0x00000000100001cc                isr_irq14
                0x00000000100001cc                isr_irq2
                0x00000000100001cc                isr_irq10
                0x00000000100001cc                isr_irq8
                0x00000000100001cc                isr_irq24
                0x00000000100001cc                isr_irq1
                0x00000000100001cc                isr_irq7
                0x00000000100001cc                isr_irq21
                0x00000000100001cc                isr_irq20
                0x00000000100001cc                isr_irq15
                0x00000000100001cc                isr_irq25
                0x00000000100001cc                isr_irq4
                0x00000000100001cc                isr_irq16
                0x00000000100001cc                isr_irq29
                0x00000000100001cc                isr_irq26
                0x00000000100001cc                __default_isrs_end
                0x00000000100001cc                isr_irq3
                0x00000000100001cc                isr_irq12
                0x00000000100001cc                isr_irq9
                0x00000000100001d2                unhandled_user_irq_num_in_r0
 *(.binary_info_header)
 .binary_info_header
                0x00000000100001d4       0x14 CMakeFiles/main.dir/mnt/d/OneDrive/OneDrive_-_Technical_University_of_Cluj-Napoca/Research/RpiPico/pico-sdk/src/rp2_common/pico_standard_link/crt0.S.obj
                0x00000000100001e8                __binary_info_header_end = .
 *(.reset)
 .reset         0x00000000100001e8       0xa0 CMakeFiles/main.dir/mnt/d/OneDrive/OneDrive_-_Technical_University_of_Cluj-Napoca/Research/RpiPico/pico-sdk/src/rp2_common/pico_standard_link/crt0.S.obj
                0x00000000100001e8                _entry_point
 .reset         0x0000000010000288       0x30 CMakeFiles/main.dir/mnt/d/OneDrive/OneDrive_-_Technical_University_of_Cluj-Napoca/Research/RpiPico/pico-sdk/src/rp2_common/pico_standard_link/binary_info.c.obj
 *(.init)
 .init          0x00000000100002b8        0x4 /usr/lib/gcc/arm-none-eabi/10.3.1/thumb/v6-m/nofp/crti.o
                0x00000000100002b8                _init
 *(EXCLUDE_FILE(*libm.a: *libc.a:*lib_a-mem*.o *libgcc.a:) .text*)
 .text          0x00000000100002bc       0x98 /usr/lib/gcc/arm-none-eabi/10.3.1/thumb/v6-m/nofp/crtbegin.o
 .text.dma_channel_get_default_config
                0x0000000010000354       0x64 CMakeFiles/main.dir/main.c.obj
 .text.main     0x00000000100003b8      0x170 CMakeFiles/main.dir/main.c.obj
                0x00000000100003b8                main
 .text.mul_wide_su32
                0x0000000010000528       0x86 CMakeFiles/main.dir/Filter0.c.obj
                0x0000000010000528                mul_wide_su32
 .text.mul_ssu32_loSR
                0x00000000100005ae       0x22 CMakeFiles/main.dir/Filter0.c.obj
                0x00000000100005ae                mul_ssu32_loSR
 .text.Filter0_step
                0x00000000100005d0       0xb0 CMakeFiles/main.dir/Filter0.c.obj
                0x00000000100005d0                Filter0_step
 .text.gpio_set_function
                0x0000000010000680       0x30 CMakeFiles/main.dir/mnt/d/OneDrive/OneDrive_-_Technical_University_of_Cluj-Napoca/Research/RpiPico/pico-sdk/src/rp2_common/hardware_gpio/gpio.c.obj
                0x0000000010000680                gpio_set_function
 .text.gpio_set_pulls
                0x00000000100006b0       0x34 CMakeFiles/main.dir/mnt/d/OneDrive/OneDrive_-_Technical_University_of_Cluj-Napoca/Research/RpiPico/pico-sdk/src/rp2_common/hardware_gpio/gpio.c.obj
                0x00000000100006b0                gpio_set_pulls
 .text.gpio_set_input_enabled
                0x00000000100006e4       0x30 CMakeFiles/main.dir/mnt/d/OneDrive/OneDrive_-_Technical_University_of_Cluj-Napoca/Research/RpiPico/pico-sdk/src/rp2_common/hardware_gpio/gpio.c.obj
                0x00000000100006e4                gpio_set_input_enabled
 .text.running_on_fpga
                0x0000000010000714       0x14 CMakeFiles/main.dir/mnt/d/OneDrive/OneDrive_-_Technical_University_of_Cluj-Napoca/Research/RpiPico/pico-sdk/src/rp2_common/pico_platform/platform.c.obj
                0x0000000010000714                running_on_fpga
 .text.hw_claim_lock
                0x0000000010000728       0x18 CMakeFiles/main.dir/mnt/d/OneDrive/OneDrive_-_Technical_University_of_Cluj-Napoca/Research/RpiPico/pico-sdk/src/rp2_common/hardware_claim/claim.c.obj
                0x0000000010000728                hw_claim_lock
 .text.hw_claim_unlock
                0x0000000010000740       0x14 CMakeFiles/main.dir/mnt/d/OneDrive/OneDrive_-_Technical_University_of_Cluj-Napoca/Research/RpiPico/pico-sdk/src/rp2_common/hardware_claim/claim.c.obj
                0x0000000010000740                hw_claim_unlock
 .text.hw_claim_or_assert
                0x0000000010000754       0x32 CMakeFiles/main.dir/mnt/d/OneDrive/OneDrive_-_Technical_University_of_Cluj-Napoca/Research/RpiPico/pico-sdk/src/rp2_common/hardware_claim/claim.c.obj
                0x0000000010000754                hw_claim_or_assert
 .text.hw_claim_unused_from_range
                0x0000000010000786       0x50 CMakeFiles/main.dir/mnt/d/OneDrive/OneDrive_-_Technical_University_of_Cluj-Napoca/Research/RpiPico/pico-sdk/src/rp2_common/hardware_claim/claim.c.obj
                0x0000000010000786                hw_claim_unused_from_range
 *fill*         0x00000000100007d6        0x2 
 .text.spin_locks_reset
                0x00000000100007d8       0x20 CMakeFiles/main.dir/mnt/d/OneDrive/OneDrive_-_Technical_University_of_Cluj-Napoca/Research/RpiPico/pico-sdk/src/rp2_common/hardware_sync/sync.c.obj
                0x00000000100007d8                spin_locks_reset
 .text.next_striped_spin_lock_num
                0x00000000100007f8       0x1c CMakeFiles/main.dir/mnt/d/OneDrive/OneDrive_-_Technical_University_of_Cluj-Napoca/Research/RpiPico/pico-sdk/src/rp2_common/hardware_sync/sync.c.obj
                0x00000000100007f8                next_striped_spin_lock_num
 .text.spin_lock_claim_unused
                0x0000000010000814       0x20 CMakeFiles/main.dir/mnt/d/OneDrive/OneDrive_-_Technical_University_of_Cluj-Napoca/Research/RpiPico/pico-sdk/src/rp2_common/hardware_sync/sync.c.obj
                0x0000000010000814                spin_lock_claim_unused
 .text.set_raw_irq_handler_and_unlock
                0x0000000010000834       0x28 CMakeFiles/main.dir/mnt/d/OneDrive/OneDrive_-_Technical_University_of_Cluj-Napoca/Research/RpiPico/pico-sdk/src/rp2_common/hardware_irq/irq.c.obj
 .text.make_branch
                0x000000001000085c       0x48 CMakeFiles/main.dir/mnt/d/OneDrive/OneDrive_-_Technical_University_of_Cluj-Napoca/Research/RpiPico/pico-sdk/src/rp2_common/hardware_irq/irq.c.obj
 .text.insert_branch_and_link
                0x00000000100008a4       0x40 CMakeFiles/main.dir/mnt/d/OneDrive/OneDrive_-_Technical_University_of_Cluj-Napoca/Research/RpiPico/pico-sdk/src/rp2_common/hardware_irq/irq.c.obj
 .text.irq_is_enabled
                0x00000000100008e4       0x18 CMakeFiles/main.dir/mnt/d/OneDrive/OneDrive_-_Technical_University_of_Cluj-Napoca/Research/RpiPico/pico-sdk/src/rp2_common/hardware_irq/irq.c.obj
                0x00000000100008e4                irq_is_enabled
 .text.irq_set_mask_enabled
                0x00000000100008fc       0x20 CMakeFiles/main.dir/mnt/d/OneDrive/OneDrive_-_Technical_University_of_Cluj-Napoca/Research/RpiPico/pico-sdk/src/rp2_common/hardware_irq/irq.c.obj
                0x00000000100008fc                irq_set_mask_enabled
 .text.irq_set_enabled
                0x000000001000091c        0xe CMakeFiles/main.dir/mnt/d/OneDrive/OneDrive_-_Technical_University_of_Cluj-Napoca/Research/RpiPico/pico-sdk/src/rp2_common/hardware_irq/irq.c.obj
                0x000000001000091c                irq_set_enabled
 *fill*         0x000000001000092a        0x2 
 .text.irq_set_pending
                0x000000001000092c       0x10 CMakeFiles/main.dir/mnt/d/OneDrive/OneDrive_-_Technical_University_of_Cluj-Napoca/Research/RpiPico/pico-sdk/src/rp2_common/hardware_irq/irq.c.obj
                0x000000001000092c                irq_set_pending
 .text.irq_get_vtable_handler
                0x000000001000093c       0x10 CMakeFiles/main.dir/mnt/d/OneDrive/OneDrive_-_Technical_University_of_Cluj-Napoca/Research/RpiPico/pico-sdk/src/rp2_common/hardware_irq/irq.c.obj
                0x000000001000093c                irq_get_vtable_handler
 .text.irq_has_shared_handler
                0x000000001000094c       0x24 CMakeFiles/main.dir/mnt/d/OneDrive/OneDrive_-_Technical_University_of_Cluj-Napoca/Research/RpiPico/pico-sdk/src/rp2_common/hardware_irq/irq.c.obj
                0x000000001000094c                irq_has_shared_handler
 .text.irq_set_exclusive_handler
                0x0000000010000970       0x54 CMakeFiles/main.dir/mnt/d/OneDrive/OneDrive_-_Technical_University_of_Cluj-Napoca/Research/RpiPico/pico-sdk/src/rp2_common/hardware_irq/irq.c.obj
                0x0000000010000970                irq_set_exclusive_handler
 .text.irq_add_shared_handler
                0x00000000100009c4      0x234 CMakeFiles/main.dir/mnt/d/OneDrive/OneDrive_-_Technical_University_of_Cluj-Napoca/Research/RpiPico/pico-sdk/src/rp2_common/hardware_irq/irq.c.obj
                0x00000000100009c4                irq_add_shared_handler
 .text.irq_remove_handler
                0x0000000010000bf8      0x1ac CMakeFiles/main.dir/mnt/d/OneDrive/OneDrive_-_Technical_University_of_Cluj-Napoca/Research/RpiPico/pico-sdk/src/rp2_common/hardware_irq/irq.c.obj
                0x0000000010000bf8                irq_remove_handler
 .text.irq_add_tail_to_free_list
                0x0000000010000da4       0xf0 CMakeFiles/main.dir/mnt/d/OneDrive/OneDrive_-_Technical_University_of_Cluj-Napoca/Research/RpiPico/pico-sdk/src/rp2_common/hardware_irq/irq.c.obj
                0x0000000010000da4                irq_add_tail_to_free_list
 .text.irq_init_priorities
                0x0000000010000e94       0x1c CMakeFiles/main.dir/mnt/d/OneDrive/OneDrive_-_Technical_University_of_Cluj-Napoca/Research/RpiPico/pico-sdk/src/rp2_common/hardware_irq/irq.c.obj
                0x0000000010000e94                irq_init_priorities
 .text.user_irq_claim_unused
                0x0000000010000eb0       0x28 CMakeFiles/main.dir/mnt/d/OneDrive/OneDrive_-_Technical_University_of_Cluj-Napoca/Research/RpiPico/pico-sdk/src/rp2_common/hardware_irq/irq.c.obj
                0x0000000010000eb0                user_irq_claim_unused
 .text.lock_init
                0x0000000010000ed8       0x10 CMakeFiles/main.dir/mnt/d/OneDrive/OneDrive_-_Technical_University_of_Cluj-Napoca/Research/RpiPico/pico-sdk/src/common/pico_sync/lock_core.c.obj
                0x0000000010000ed8                lock_init
 .text.mutex_init
                0x0000000010000ee8       0x1a CMakeFiles/main.dir/mnt/d/OneDrive/OneDrive_-_Technical_University_of_Cluj-Napoca/Research/RpiPico/pico-sdk/src/common/pico_sync/mutex.c.obj
                0x0000000010000ee8                mutex_init
 .text.recursive_mutex_init
                0x0000000010000f02       0x1e CMakeFiles/main.dir/mnt/d/OneDrive/OneDrive_-_Technical_University_of_Cluj-Napoca/Research/RpiPico/pico-sdk/src/common/pico_sync/mutex.c.obj
                0x0000000010000f02                recursive_mutex_init
 .text.critical_section_init_with_lock_num
                0x0000000010000f20       0x14 CMakeFiles/main.dir/mnt/d/OneDrive/OneDrive_-_Technical_University_of_Cluj-Napoca/Research/RpiPico/pico-sdk/src/common/pico_sync/critical_section.c.obj
                0x0000000010000f20                critical_section_init_with_lock_num
 .text.critical_section_init
                0x0000000010000f34       0x14 CMakeFiles/main.dir/mnt/d/OneDrive/OneDrive_-_Technical_University_of_Cluj-Napoca/Research/RpiPico/pico-sdk/src/common/pico_sync/critical_section.c.obj
                0x0000000010000f34                critical_section_init
 .text.alarm_pool_post_alloc_init
                0x0000000010000f48       0x40 CMakeFiles/main.dir/mnt/d/OneDrive/OneDrive_-_Technical_University_of_Cluj-Napoca/Research/RpiPico/pico-sdk/src/common/pico_time/time.c.obj
 .text.sleep_until_callback
                0x0000000010000f88       0x30 CMakeFiles/main.dir/mnt/d/OneDrive/OneDrive_-_Technical_University_of_Cluj-Napoca/Research/RpiPico/pico-sdk/src/common/pico_time/time.c.obj
 .text.timer_pool_entry_comparator
                0x0000000010000fb8       0x7c CMakeFiles/main.dir/mnt/d/OneDrive/OneDrive_-_Technical_University_of_Cluj-Napoca/Research/RpiPico/pico-sdk/src/common/pico_time/time.c.obj
                0x0000000010000fb8                timer_pool_entry_comparator
 .text.ph_add_child_node
                0x0000000010001034       0xa4 CMakeFiles/main.dir/mnt/d/OneDrive/OneDrive_-_Technical_University_of_Cluj-Napoca/Research/RpiPico/pico-sdk/src/common/pico_time/time.c.obj
 .text.ph_merge_nodes
                0x00000000100010d8       0x3e CMakeFiles/main.dir/mnt/d/OneDrive/OneDrive_-_Technical_University_of_Cluj-Napoca/Research/RpiPico/pico-sdk/src/common/pico_time/time.c.obj
 *fill*         0x0000000010001116        0x2 
 .text.add_alarm_under_lock
                0x0000000010001118      0x174 CMakeFiles/main.dir/mnt/d/OneDrive/OneDrive_-_Technical_University_of_Cluj-Napoca/Research/RpiPico/pico-sdk/src/common/pico_time/time.c.obj
 .text.alarm_pool_alarm_callback
                0x000000001000128c      0x33c CMakeFiles/main.dir/mnt/d/OneDrive/OneDrive_-_Technical_University_of_Cluj-Napoca/Research/RpiPico/pico-sdk/src/common/pico_time/time.c.obj
 .text.alarm_pool_init_default
                0x00000000100015c8       0x40 CMakeFiles/main.dir/mnt/d/OneDrive/OneDrive_-_Technical_University_of_Cluj-Napoca/Research/RpiPico/pico-sdk/src/common/pico_time/time.c.obj
                0x00000000100015c8                alarm_pool_init_default
 .text.alarm_pool_get_default
                0x0000000010001608       0x2c CMakeFiles/main.dir/mnt/d/OneDrive/OneDrive_-_Technical_University_of_Cluj-Napoca/Research/RpiPico/pico-sdk/src/common/pico_time/time.c.obj
                0x0000000010001608                alarm_pool_get_default
 .text.alarm_pool_add_alarm_at
                0x0000000010001634      0x168 CMakeFiles/main.dir/mnt/d/OneDrive/OneDrive_-_Technical_University_of_Cluj-Napoca/Research/RpiPico/pico-sdk/src/common/pico_time/time.c.obj
                0x0000000010001634                alarm_pool_add_alarm_at
 .text.alarm_pool_cancel_alarm
                0x000000001000179c       0xf8 CMakeFiles/main.dir/mnt/d/OneDrive/OneDrive_-_Technical_University_of_Cluj-Napoca/Research/RpiPico/pico-sdk/src/common/pico_time/time.c.obj
                0x000000001000179c                alarm_pool_cancel_alarm
 .text.alarm_pool_core_num
                0x0000000010001894        0x4 CMakeFiles/main.dir/mnt/d/OneDrive/OneDrive_-_Technical_University_of_Cluj-Napoca/Research/RpiPico/pico-sdk/src/common/pico_time/time.c.obj
                0x0000000010001894                alarm_pool_core_num
 .text.sleep_until
                0x0000000010001898       0xfc CMakeFiles/main.dir/mnt/d/OneDrive/OneDrive_-_Technical_University_of_Cluj-Napoca/Research/RpiPico/pico-sdk/src/common/pico_time/time.c.obj
                0x0000000010001898                sleep_until
 .text.sleep_us
                0x0000000010001994       0x58 CMakeFiles/main.dir/mnt/d/OneDrive/OneDrive_-_Technical_University_of_Cluj-Napoca/Research/RpiPico/pico-sdk/src/common/pico_time/time.c.obj
                0x0000000010001994                sleep_us
 .text.sleep_ms
                0x00000000100019ec       0x14 CMakeFiles/main.dir/mnt/d/OneDrive/OneDrive_-_Technical_University_of_Cluj-Napoca/Research/RpiPico/pico-sdk/src/common/pico_time/time.c.obj
                0x00000000100019ec                sleep_ms
 .text.best_effort_wfe_or_timeout
                0x0000000010001a00       0xac CMakeFiles/main.dir/mnt/d/OneDrive/OneDrive_-_Technical_University_of_Cluj-Napoca/Research/RpiPico/pico-sdk/src/common/pico_time/time.c.obj
                0x0000000010001a00                best_effort_wfe_or_timeout
 .text.hardware_alarm_irq_handler
                0x0000000010001aac       0x90 CMakeFiles/main.dir/mnt/d/OneDrive/OneDrive_-_Technical_University_of_Cluj-Napoca/Research/RpiPico/pico-sdk/src/rp2_common/hardware_timer/timer.c.obj
 .text.hardware_alarm_claim
                0x0000000010001b3c       0x18 CMakeFiles/main.dir/mnt/d/OneDrive/OneDrive_-_Technical_University_of_Cluj-Napoca/Research/RpiPico/pico-sdk/src/rp2_common/hardware_timer/timer.c.obj
                0x0000000010001b3c                hardware_alarm_claim
 .text.time_us_64
                0x0000000010001b54       0x18 CMakeFiles/main.dir/mnt/d/OneDrive/OneDrive_-_Technical_University_of_Cluj-Napoca/Research/RpiPico/pico-sdk/src/rp2_common/hardware_timer/timer.c.obj
                0x0000000010001b54                time_us_64
 .text.busy_wait_until
                0x0000000010001b6c       0x28 CMakeFiles/main.dir/mnt/d/OneDrive/OneDrive_-_Technical_University_of_Cluj-Napoca/Research/RpiPico/pico-sdk/src/rp2_common/hardware_timer/timer.c.obj
                0x0000000010001b6c                busy_wait_until
 .text.busy_wait_us
                0x0000000010001b94       0x48 CMakeFiles/main.dir/mnt/d/OneDrive/OneDrive_-_Technical_University_of_Cluj-Napoca/Research/RpiPico/pico-sdk/src/rp2_common/hardware_timer/timer.c.obj
                0x0000000010001b94                busy_wait_us
 .text.hardware_alarm_set_callback
                0x0000000010001bdc       0x90 CMakeFiles/main.dir/mnt/d/OneDrive/OneDrive_-_Technical_University_of_Cluj-Napoca/Research/RpiPico/pico-sdk/src/rp2_common/hardware_timer/timer.c.obj
                0x0000000010001bdc                hardware_alarm_set_callback
 .text.hardware_alarm_set_target
                0x0000000010001c6c       0xe8 CMakeFiles/main.dir/mnt/d/OneDrive/OneDrive_-_Technical_University_of_Cluj-Napoca/Research/RpiPico/pico-sdk/src/rp2_common/hardware_timer/timer.c.obj
                0x0000000010001c6c                hardware_alarm_set_target
 .text.hardware_alarm_cancel
                0x0000000010001d54       0x40 CMakeFiles/main.dir/mnt/d/OneDrive/OneDrive_-_Technical_University_of_Cluj-Napoca/Research/RpiPico/pico-sdk/src/rp2_common/hardware_timer/timer.c.obj
                0x0000000010001d54                hardware_alarm_cancel
 .text.ph_add_child_node
                0x0000000010001d94       0xa4 CMakeFiles/main.dir/mnt/d/OneDrive/OneDrive_-_Technical_University_of_Cluj-Napoca/Research/RpiPico/pico-sdk/src/common/pico_util/pheap.c.obj
 .text.ph_merge_nodes
                0x0000000010001e38       0x3e CMakeFiles/main.dir/mnt/d/OneDrive/OneDrive_-_Technical_University_of_Cluj-Napoca/Research/RpiPico/pico-sdk/src/common/pico_util/pheap.c.obj
 *fill*         0x0000000010001e76        0x2 
 .text.ph_clear
                0x0000000010001e78       0x70 CMakeFiles/main.dir/mnt/d/OneDrive/OneDrive_-_Technical_University_of_Cluj-Napoca/Research/RpiPico/pico-sdk/src/common/pico_util/pheap.c.obj
                0x0000000010001e78                ph_clear
 .text.ph_post_alloc_init
                0x0000000010001ee8        0xe CMakeFiles/main.dir/mnt/d/OneDrive/OneDrive_-_Technical_University_of_Cluj-Napoca/Research/RpiPico/pico-sdk/src/common/pico_util/pheap.c.obj
                0x0000000010001ee8                ph_post_alloc_init
 *fill*         0x0000000010001ef6        0x2 
 .text.ph_merge_two_pass
                0x0000000010001ef8       0xa8 CMakeFiles/main.dir/mnt/d/OneDrive/OneDrive_-_Technical_University_of_Cluj-Napoca/Research/RpiPico/pico-sdk/src/common/pico_util/pheap.c.obj
                0x0000000010001ef8                ph_merge_two_pass
 .text.ph_remove_any_head
                0x0000000010001fa0      0x128 CMakeFiles/main.dir/mnt/d/OneDrive/OneDrive_-_Technical_University_of_Cluj-Napoca/Research/RpiPico/pico-sdk/src/common/pico_util/pheap.c.obj
 .text.ph_remove_head
                0x00000000100020c8       0x14 CMakeFiles/main.dir/mnt/d/OneDrive/OneDrive_-_Technical_University_of_Cluj-Napoca/Research/RpiPico/pico-sdk/src/common/pico_util/pheap.c.obj
                0x00000000100020c8                ph_remove_head
 .text.ph_remove_and_free_node
                0x00000000100020dc       0xf8 CMakeFiles/main.dir/mnt/d/OneDrive/OneDrive_-_Technical_University_of_Cluj-Napoca/Research/RpiPico/pico-sdk/src/common/pico_util/pheap.c.obj
                0x00000000100020dc                ph_remove_and_free_node
 .text.uart_disable_before_lcr_write
                0x00000000100021d4       0x48 CMakeFiles/main.dir/mnt/d/OneDrive/OneDrive_-_Technical_University_of_Cluj-Napoca/Research/RpiPico/pico-sdk/src/rp2_common/hardware_uart/uart.c.obj
 .text.uart_write_lcr_bits_masked
                0x000000001000221c       0x22 CMakeFiles/main.dir/mnt/d/OneDrive/OneDrive_-_Technical_University_of_Cluj-Napoca/Research/RpiPico/pico-sdk/src/rp2_common/hardware_uart/uart.c.obj
 *fill*         0x000000001000223e        0x2 
 .text.uart_set_baudrate
                0x0000000010002240       0x5c CMakeFiles/main.dir/mnt/d/OneDrive/OneDrive_-_Technical_University_of_Cluj-Napoca/Research/RpiPico/pico-sdk/src/rp2_common/hardware_uart/uart.c.obj
                0x0000000010002240                uart_set_baudrate
 .text.uart_set_format
                0x000000001000229c       0x2c CMakeFiles/main.dir/mnt/d/OneDrive/OneDrive_-_Technical_University_of_Cluj-Napoca/Research/RpiPico/pico-sdk/src/rp2_common/hardware_uart/uart.c.obj
                0x000000001000229c                uart_set_format
 .text.uart_set_translate_crlf
                0x00000000100022c8       0x28 CMakeFiles/main.dir/mnt/d/OneDrive/OneDrive_-_Technical_University_of_Cluj-Napoca/Research/RpiPico/pico-sdk/src/rp2_common/hardware_uart/uart.c.obj
                0x00000000100022c8                uart_set_translate_crlf
 .text.uart_init
                0x00000000100022f0       0x80 CMakeFiles/main.dir/mnt/d/OneDrive/OneDrive_-_Technical_University_of_Cluj-Napoca/Research/RpiPico/pico-sdk/src/rp2_common/hardware_uart/uart.c.obj
                0x00000000100022f0                uart_init
 .text.clock_configure
                0x0000000010002370      0x108 CMakeFiles/main.dir/mnt/d/OneDrive/OneDrive_-_Technical_University_of_Cluj-Napoca/Research/RpiPico/pico-sdk/src/rp2_common/hardware_clocks/clocks.c.obj
                0x0000000010002370                clock_configure
 .text.clocks_init
                0x0000000010002478      0x100 CMakeFiles/main.dir/mnt/d/OneDrive/OneDrive_-_Technical_University_of_Cluj-Napoca/Research/RpiPico/pico-sdk/src/rp2_common/hardware_clocks/clocks.c.obj
                0x0000000010002478                clocks_init
 .text.clock_get_hz
                0x0000000010002578        0xc CMakeFiles/main.dir/mnt/d/OneDrive/OneDrive_-_Technical_University_of_Cluj-Napoca/Research/RpiPico/pico-sdk/src/rp2_common/hardware_clocks/clocks.c.obj
                0x0000000010002578                clock_get_hz
 .text.pll_init
                0x0000000010002584      0x120 CMakeFiles/main.dir/mnt/d/OneDrive/OneDrive_-_Technical_University_of_Cluj-Napoca/Research/RpiPico/pico-sdk/src/rp2_common/hardware_pll/pll.c.obj
                0x0000000010002584                pll_init
 .text.watchdog_start_tick
                0x00000000100026a4       0x10 CMakeFiles/main.dir/mnt/d/OneDrive/OneDrive_-_Technical_University_of_Cluj-Napoca/Research/RpiPico/pico-sdk/src/rp2_common/hardware_watchdog/watchdog.c.obj
                0x00000000100026a4                watchdog_start_tick
 .text.watchdog_update
                0x00000000100026b4       0x14 CMakeFiles/main.dir/mnt/d/OneDrive/OneDrive_-_Technical_University_of_Cluj-Napoca/Research/RpiPico/pico-sdk/src/rp2_common/hardware_watchdog/watchdog.c.obj
                0x00000000100026b4                watchdog_update
 .text._watchdog_enable
                0x00000000100026c8       0x78 CMakeFiles/main.dir/mnt/d/OneDrive/OneDrive_-_Technical_University_of_Cluj-Napoca/Research/RpiPico/pico-sdk/src/rp2_common/hardware_watchdog/watchdog.c.obj
                0x00000000100026c8                _watchdog_enable
 .text.watchdog_reboot
                0x0000000010002740       0x48 CMakeFiles/main.dir/mnt/d/OneDrive/OneDrive_-_Technical_University_of_Cluj-Napoca/Research/RpiPico/pico-sdk/src/rp2_common/hardware_watchdog/watchdog.c.obj
                0x0000000010002740                watchdog_reboot
 .text.xosc_init
                0x0000000010002788       0x28 CMakeFiles/main.dir/mnt/d/OneDrive/OneDrive_-_Technical_University_of_Cluj-Napoca/Research/RpiPico/pico-sdk/src/rp2_common/hardware_xosc/xosc.c.obj
                0x0000000010002788                xosc_init
 .text._exit    0x00000000100027b0        0x4 CMakeFiles/main.dir/mnt/d/OneDrive/OneDrive_-_Technical_University_of_Cluj-Napoca/Research/RpiPico/pico-sdk/src/rp2_common/pico_runtime/runtime.c.obj
                0x00000000100027b0                _exit
 .text.exit     0x00000000100027b4        0x6 CMakeFiles/main.dir/mnt/d/OneDrive/OneDrive_-_Technical_University_of_Cluj-Napoca/Research/RpiPico/pico-sdk/src/rp2_common/pico_runtime/runtime.c.obj
                0x00000000100027b4                exit
 *fill*         0x00000000100027ba        0x2 
 .text.__assert_func
                0x00000000100027bc       0x3c CMakeFiles/main.dir/mnt/d/OneDrive/OneDrive_-_Technical_University_of_Cluj-Napoca/Research/RpiPico/pico-sdk/src/rp2_common/pico_runtime/runtime.c.obj
                0x00000000100027bc                __assert_func
 .text.runtime_init
                0x00000000100027f8       0xf8 CMakeFiles/main.dir/mnt/d/OneDrive/OneDrive_-_Technical_University_of_Cluj-Napoca/Research/RpiPico/pico-sdk/src/rp2_common/pico_runtime/runtime.c.obj
                0x00000000100027f8                runtime_init
 .text.panic    0x00000000100028f0       0x30 CMakeFiles/main.dir/mnt/d/OneDrive/OneDrive_-_Technical_University_of_Cluj-Napoca/Research/RpiPico/pico-sdk/src/rp2_common/pico_runtime/runtime.c.obj
                0x00000000100028f0                panic
 .text._out_null
                0x0000000010002920        0x2 CMakeFiles/main.dir/mnt/d/OneDrive/OneDrive_-_Technical_University_of_Cluj-Napoca/Research/RpiPico/pico-sdk/src/rp2_common/pico_printf/printf.c.obj
 .text._out_fct
                0x0000000010002922        0xe CMakeFiles/main.dir/mnt/d/OneDrive/OneDrive_-_Technical_University_of_Cluj-Napoca/Research/RpiPico/pico-sdk/src/rp2_common/pico_printf/printf.c.obj
 .text._atoi    0x0000000010002930       0x24 CMakeFiles/main.dir/mnt/d/OneDrive/OneDrive_-_Technical_University_of_Cluj-Napoca/Research/RpiPico/pico-sdk/src/rp2_common/pico_printf/printf.c.obj
 .text._out_rev
                0x0000000010002954       0xae CMakeFiles/main.dir/mnt/d/OneDrive/OneDrive_-_Technical_University_of_Cluj-Napoca/Research/RpiPico/pico-sdk/src/rp2_common/pico_printf/printf.c.obj
 .text._ntoa_format
                0x0000000010002a02      0x112 CMakeFiles/main.dir/mnt/d/OneDrive/OneDrive_-_Technical_University_of_Cluj-Napoca/Research/RpiPico/pico-sdk/src/rp2_common/pico_printf/printf.c.obj
 .text._ntoa_long
                0x0000000010002b14       0xbc CMakeFiles/main.dir/mnt/d/OneDrive/OneDrive_-_Technical_University_of_Cluj-Napoca/Research/RpiPico/pico-sdk/src/rp2_common/pico_printf/printf.c.obj
 .text._ntoa_long_long
                0x0000000010002bd0       0xe2 CMakeFiles/main.dir/mnt/d/OneDrive/OneDrive_-_Technical_University_of_Cluj-Napoca/Research/RpiPico/pico-sdk/src/rp2_common/pico_printf/printf.c.obj
 *fill*         0x0000000010002cb2        0x2 
 .text._etoa    0x0000000010002cb4      0x414 CMakeFiles/main.dir/mnt/d/OneDrive/OneDrive_-_Technical_University_of_Cluj-Napoca/Research/RpiPico/pico-sdk/src/rp2_common/pico_printf/printf.c.obj
 .text._ftoa    0x00000000100030c8      0x354 CMakeFiles/main.dir/mnt/d/OneDrive/OneDrive_-_Technical_University_of_Cluj-Napoca/Research/RpiPico/pico-sdk/src/rp2_common/pico_printf/printf.c.obj
 .text._vsnprintf
                0x000000001000341c      0x624 CMakeFiles/main.dir/mnt/d/OneDrive/OneDrive_-_Technical_University_of_Cluj-Napoca/Research/RpiPico/pico-sdk/src/rp2_common/pico_printf/printf.c.obj
 .text.vfctprintf
                0x0000000010003a40       0x20 CMakeFiles/main.dir/mnt/d/OneDrive/OneDrive_-_Technical_University_of_Cluj-Napoca/Research/RpiPico/pico-sdk/src/rp2_common/pico_printf/printf.c.obj
                0x0000000010003a40                vfctprintf
 .text          0x0000000010003a60       0x10 CMakeFiles/main.dir/mnt/d/OneDrive/OneDrive_-_Technical_University_of_Cluj-Napoca/Research/RpiPico/pico-sdk/src/rp2_common/pico_bit_ops/bit_ops_aeabi.S.obj
 .text.rom_func_lookup
                0x0000000010003a70       0x10 CMakeFiles/main.dir/mnt/d/OneDrive/OneDrive_-_Technical_University_of_Cluj-Napoca/Research/RpiPico/pico-sdk/src/rp2_common/pico_bootrom/bootrom.c.obj
                0x0000000010003a70                rom_func_lookup
 .text.rom_data_lookup
                0x0000000010003a80       0x10 CMakeFiles/main.dir/mnt/d/OneDrive/OneDrive_-_Technical_University_of_Cluj-Napoca/Research/RpiPico/pico-sdk/src/rp2_common/pico_bootrom/bootrom.c.obj
                0x0000000010003a80                rom_data_lookup
 .text.rom_funcs_lookup
                0x0000000010003a90       0x36 CMakeFiles/main.dir/mnt/d/OneDrive/OneDrive_-_Technical_University_of_Cluj-Napoca/Research/RpiPico/pico-sdk/src/rp2_common/pico_bootrom/bootrom.c.obj
                0x0000000010003a90                rom_funcs_lookup
 *fill*         0x0000000010003ac6        0x2 
 .text.__wrap___aeabi_idiv
                0x0000000010003ac8       0x50 CMakeFiles/main.dir/mnt/d/OneDrive/OneDrive_-_Technical_University_of_Cluj-Napoca/Research/RpiPico/pico-sdk/src/rp2_common/pico_divider/divider.S.obj
                0x0000000010003ac8                __wrap___aeabi_idivmod
                0x0000000010003ac8                divmod_s32s32
                0x0000000010003ac8                div_s32s32
                0x0000000010003ac8                __wrap___aeabi_idiv
                0x0000000010003ad0                divmod_s32s32_unsafe
                0x0000000010003afc                divmod_s32s32_savestate
 .text.__wrap___aeabi_uidiv
                0x0000000010003b18       0x4c CMakeFiles/main.dir/mnt/d/OneDrive/OneDrive_-_Technical_University_of_Cluj-Napoca/Research/RpiPico/pico-sdk/src/rp2_common/pico_divider/divider.S.obj
                0x0000000010003b18                __wrap___aeabi_uidiv
                0x0000000010003b18                __wrap___aeabi_uidivmod
                0x0000000010003b18                div_u32u32
                0x0000000010003b18                divmod_u32u32
                0x0000000010003b20                divmod_u32u32_unsafe
                0x0000000010003b48                divmod_u32u32_savestate
 .text.__wrap___aeabi_ldiv
                0x0000000010003b64      0x424 CMakeFiles/main.dir/mnt/d/OneDrive/OneDrive_-_Technical_University_of_Cluj-Napoca/Research/RpiPico/pico-sdk/src/rp2_common/pico_divider/divider.S.obj
                0x0000000010003b64                div_s64s64
                0x0000000010003b64                divmod_s64s64
                0x0000000010003b64                __wrap___aeabi_ldivmod
                0x0000000010003b94                div_u64u64
                0x0000000010003b94                divmod_u64u64
                0x0000000010003b94                __wrap___aeabi_uldivmod
                0x0000000010003ba4                divmod_u64u64_savestate
                0x0000000010003bc4                divmod_s64s64_unsafe
                0x0000000010003c4c                divmod_u64u64_unsafe
 .text.__wrap___aeabi_darithmetic
                0x0000000010003f88       0x80 CMakeFiles/main.dir/mnt/d/OneDrive/OneDrive_-_Technical_University_of_Cluj-Napoca/Research/RpiPico/pico-sdk/src/rp2_common/pico_double/double_aeabi.S.obj
                0x0000000010003f88                __wrap___aeabi_drsub
                0x0000000010003f8e                __wrap___aeabi_dsub
                0x0000000010003fa0                __wrap___aeabi_dadd
                0x0000000010003fb2                __wrap___aeabi_ddiv
                0x0000000010003fee                __wrap___aeabi_dmul
 .text.__wrap___aeabi_cdcmple
                0x0000000010004008       0x6c CMakeFiles/main.dir/mnt/d/OneDrive/OneDrive_-_Technical_University_of_Cluj-Napoca/Research/RpiPico/pico-sdk/src/rp2_common/pico_double/double_aeabi.S.obj
                0x0000000010004008                __wrap___aeabi_cdrcmple
                0x0000000010004018                __wrap___aeabi_cdcmple
                0x0000000010004018                __wrap___aeabi_cdcmpeq
 .text.__wrap___aeabi_dcmplt
                0x0000000010004074        0xc CMakeFiles/main.dir/mnt/d/OneDrive/OneDrive_-_Technical_University_of_Cluj-Napoca/Research/RpiPico/pico-sdk/src/rp2_common/pico_double/double_aeabi.S.obj
                0x0000000010004074                __wrap___aeabi_dcmplt
 .text.__wrap___aeabi_dcmple
                0x0000000010004080       0x10 CMakeFiles/main.dir/mnt/d/OneDrive/OneDrive_-_Technical_University_of_Cluj-Napoca/Research/RpiPico/pico-sdk/src/rp2_common/pico_double/double_aeabi.S.obj
                0x0000000010004080                __wrap___aeabi_dcmple
 .text.__wrap___aeabi_dcmpge
                0x0000000010004090       0x10 CMakeFiles/main.dir/mnt/d/OneDrive/OneDrive_-_Technical_University_of_Cluj-Napoca/Research/RpiPico/pico-sdk/src/rp2_common/pico_double/double_aeabi.S.obj
                0x0000000010004090                __wrap___aeabi_dcmpge
 .text.__wrap___aeabi_dcmpgt
                0x00000000100040a0        0xa CMakeFiles/main.dir/mnt/d/OneDrive/OneDrive_-_Technical_University_of_Cluj-Napoca/Research/RpiPico/pico-sdk/src/rp2_common/pico_double/double_aeabi.S.obj
                0x00000000100040a0                __wrap___aeabi_dcmpgt
 .text.__wrap___aeabi_dcmpun
                0x00000000100040aa       0x1c CMakeFiles/main.dir/mnt/d/OneDrive/OneDrive_-_Technical_University_of_Cluj-Napoca/Research/RpiPico/pico-sdk/src/rp2_common/pico_double/double_aeabi.S.obj
                0x00000000100040aa                __wrap___aeabi_dcmpun
 *fill*         0x00000000100040c6        0x2 
 .text.__wrap___aeabi_i2d
                0x00000000100040c8       0x38 CMakeFiles/main.dir/mnt/d/OneDrive/OneDrive_-_Technical_University_of_Cluj-Napoca/Research/RpiPico/pico-sdk/src/rp2_common/pico_double/double_aeabi.S.obj
                0x00000000100040c8                __wrap___aeabi_ui2d
                0x00000000100040d0                __wrap___aeabi_i2d
 .text.__wrap___aeabi_d2iz
                0x0000000010004100       0x48 CMakeFiles/main.dir/mnt/d/OneDrive/OneDrive_-_Technical_University_of_Cluj-Napoca/Research/RpiPico/pico-sdk/src/rp2_common/pico_double/double_aeabi.S.obj
                0x0000000010004100                __wrap___aeabi_d2iz
                0x0000000010004100                double2int_z
 .text.__wrap___aeabi_d2uiz
                0x0000000010004148       0x18 CMakeFiles/main.dir/mnt/d/OneDrive/OneDrive_-_Technical_University_of_Cluj-Napoca/Research/RpiPico/pico-sdk/src/rp2_common/pico_double/double_aeabi.S.obj
                0x0000000010004148                double2uint
                0x0000000010004148                __wrap___aeabi_d2uiz
 .text.__aeabi_double_init
                0x0000000010004160       0xc8 CMakeFiles/main.dir/mnt/d/OneDrive/OneDrive_-_Technical_University_of_Cluj-Napoca/Research/RpiPico/pico-sdk/src/rp2_common/pico_double/double_init_rom.c.obj
                0x0000000010004160                __aeabi_double_init
 .text.double_table_shim_on_use_helper
                0x0000000010004228       0x34 CMakeFiles/main.dir/mnt/d/OneDrive/OneDrive_-_Technical_University_of_Cluj-Napoca/Research/RpiPico/pico-sdk/src/rp2_common/pico_double/double_v1_rom_shim.S.obj
                0x0000000010004228                double_table_shim_on_use_helper
 .text.__wrap___aeabi_dsub
                0x000000001000425c       0x10 CMakeFiles/main.dir/mnt/d/OneDrive/OneDrive_-_Technical_University_of_Cluj-Napoca/Research/RpiPico/pico-sdk/src/rp2_common/pico_double/double_v1_rom_shim.S.obj
                0x000000001000425c                drsub_shim
                0x0000000010004262                dsub_shim
 .text.dadd_shim
                0x000000001000426c      0x15c CMakeFiles/main.dir/mnt/d/OneDrive/OneDrive_-_Technical_University_of_Cluj-Napoca/Research/RpiPico/pico-sdk/src/rp2_common/pico_double/double_v1_rom_shim.S.obj
                0x000000001000426c                dadd_shim
 .text.dmul_shim
                0x00000000100043c8      0x15c CMakeFiles/main.dir/mnt/d/OneDrive/OneDrive_-_Technical_University_of_Cluj-Napoca/Research/RpiPico/pico-sdk/src/rp2_common/pico_double/double_v1_rom_shim.S.obj
                0x00000000100043c8                dmul_shim
 .text.ddiv_shim
                0x0000000010004524      0x1b0 CMakeFiles/main.dir/mnt/d/OneDrive/OneDrive_-_Technical_University_of_Cluj-Napoca/Research/RpiPico/pico-sdk/src/rp2_common/pico_double/double_v1_rom_shim.S.obj
                0x0000000010004524                ddiv_shim
 .text.double2uint_shim
                0x00000000100046d4        0xe CMakeFiles/main.dir/mnt/d/OneDrive/OneDrive_-_Technical_University_of_Cluj-Napoca/Research/RpiPico/pico-sdk/src/rp2_common/pico_double/double_v1_rom_shim.S.obj
                0x00000000100046d4                double2uint_shim
                0x00000000100046d6                double2ufix_shim
 *fill*         0x00000000100046e2        0x2 
 .text.double2uint64_shim
                0x00000000100046e4       0x70 CMakeFiles/main.dir/mnt/d/OneDrive/OneDrive_-_Technical_University_of_Cluj-Napoca/Research/RpiPico/pico-sdk/src/rp2_common/pico_double/double_v1_rom_shim.S.obj
                0x00000000100046e4                double2uint64_shim
                0x00000000100046e6                double2ufix64_shim
                0x0000000010004706                d2fix_a
 .text.dunpacks
                0x0000000010004754       0x3c CMakeFiles/main.dir/mnt/d/OneDrive/OneDrive_-_Technical_University_of_Cluj-Napoca/Research/RpiPico/pico-sdk/src/rp2_common/pico_double/double_v1_rom_shim.S.obj
                0x0000000010004754                dunpacks
 .text.__aeabi_lmul
                0x0000000010004790       0x32 CMakeFiles/main.dir/mnt/d/OneDrive/OneDrive_-_Technical_University_of_Cluj-Napoca/Research/RpiPico/pico-sdk/src/rp2_common/pico_int64_ops/pico_int64_ops_aeabi.S.obj
                0x0000000010004790                __wrap___aeabi_lmul
 *fill*         0x00000000100047c2        0x2 
 .text.__aeabi_float_init
                0x00000000100047c4       0xfc CMakeFiles/main.dir/mnt/d/OneDrive/OneDrive_-_Technical_University_of_Cluj-Napoca/Research/RpiPico/pico-sdk/src/rp2_common/pico_float/float_init_rom.c.obj
                0x00000000100047c4                __aeabi_float_init
 .text.float_table_shim_on_use_helper
                0x00000000100048c0       0x34 CMakeFiles/main.dir/mnt/d/OneDrive/OneDrive_-_Technical_University_of_Cluj-Napoca/Research/RpiPico/pico-sdk/src/rp2_common/pico_float/float_v1_rom_shim.S.obj
                0x00000000100048c0                float_table_shim_on_use_helper
 .text          0x00000000100048f4       0x10 CMakeFiles/main.dir/mnt/d/OneDrive/OneDrive_-_Technical_University_of_Cluj-Napoca/Research/RpiPico/pico-sdk/src/rp2_common/pico_mem_ops/mem_ops_aeabi.S.obj
                0x00000000100048f4                __aeabi_mem_init
 .text.memset   0x0000000010004904        0xc CMakeFiles/main.dir/mnt/d/OneDrive/OneDrive_-_Technical_University_of_Cluj-Napoca/Research/RpiPico/pico-sdk/src/rp2_common/pico_mem_ops/mem_ops_aeabi.S.obj
                0x0000000010004904                __wrap_memset
 .text.memcpy   0x0000000010004910        0xc CMakeFiles/main.dir/mnt/d/OneDrive/OneDrive_-_Technical_University_of_Cluj-Napoca/Research/RpiPico/pico-sdk/src/rp2_common/pico_mem_ops/mem_ops_aeabi.S.obj
                0x0000000010004910                __wrap___aeabi_memcpy
                0x0000000010004910                __wrap_memcpy
 .text.stdio_out_chars_no_crlf
                0x000000001000491c        0xe CMakeFiles/main.dir/mnt/d/OneDrive/OneDrive_-_Technical_University_of_Cluj-Napoca/Research/RpiPico/pico-sdk/src/rp2_common/pico_stdio/stdio.c.obj
 *fill*         0x000000001000492a        0x2 
 .text.stdio_out_chars_crlf
                0x000000001000492c       0x80 CMakeFiles/main.dir/mnt/d/OneDrive/OneDrive_-_Technical_University_of_Cluj-Napoca/Research/RpiPico/pico-sdk/src/rp2_common/pico_stdio/stdio.c.obj
 .text.stdio_stack_buffer_flush
                0x00000000100049ac       0x44 CMakeFiles/main.dir/mnt/d/OneDrive/OneDrive_-_Technical_University_of_Cluj-Napoca/Research/RpiPico/pico-sdk/src/rp2_common/pico_stdio/stdio.c.obj
 .text.stdio_buffered_printer
                0x00000000100049f0       0x20 CMakeFiles/main.dir/mnt/d/OneDrive/OneDrive_-_Technical_University_of_Cluj-Napoca/Research/RpiPico/pico-sdk/src/rp2_common/pico_stdio/stdio.c.obj
 .text.stdout_serialize_begin
                0x0000000010004a10       0x5c CMakeFiles/main.dir/mnt/d/OneDrive/OneDrive_-_Technical_University_of_Cluj-Napoca/Research/RpiPico/pico-sdk/src/rp2_common/pico_stdio/stdio.c.obj
                0x0000000010004a10                stdout_serialize_begin
 .text.stdout_serialize_end
                0x0000000010004a6c       0x10 CMakeFiles/main.dir/mnt/d/OneDrive/OneDrive_-_Technical_University_of_Cluj-Napoca/Research/RpiPico/pico-sdk/src/rp2_common/pico_stdio/stdio.c.obj
                0x0000000010004a6c                stdout_serialize_end
 .text.stdio_put_string
                0x0000000010004a7c       0x98 CMakeFiles/main.dir/mnt/d/OneDrive/OneDrive_-_Technical_University_of_Cluj-Napoca/Research/RpiPico/pico-sdk/src/rp2_common/pico_stdio/stdio.c.obj
 .text.stdio_set_driver_enabled
                0x0000000010004b14       0x2c CMakeFiles/main.dir/mnt/d/OneDrive/OneDrive_-_Technical_University_of_Cluj-Napoca/Research/RpiPico/pico-sdk/src/rp2_common/pico_stdio/stdio.c.obj
                0x0000000010004b14                stdio_set_driver_enabled
 .text.stdio_flush
                0x0000000010004b40       0x20 CMakeFiles/main.dir/mnt/d/OneDrive/OneDrive_-_Technical_University_of_Cluj-Napoca/Research/RpiPico/pico-sdk/src/rp2_common/pico_stdio/stdio.c.obj
                0x0000000010004b40                stdio_flush
 .text.__wrap_puts
                0x0000000010004b60       0x1e CMakeFiles/main.dir/mnt/d/OneDrive/OneDrive_-_Technical_University_of_Cluj-Napoca/Research/RpiPico/pico-sdk/src/rp2_common/pico_stdio/stdio.c.obj
                0x0000000010004b60                __wrap_puts
 *fill*         0x0000000010004b7e        0x2 
 .text.__wrap_vprintf
                0x0000000010004b80       0x40 CMakeFiles/main.dir/mnt/d/OneDrive/OneDrive_-_Technical_University_of_Cluj-Napoca/Research/RpiPico/pico-sdk/src/rp2_common/pico_stdio/stdio.c.obj
                0x0000000010004b80                __wrap_vprintf
 .text.__wrap_printf
                0x0000000010004bc0       0x18 CMakeFiles/main.dir/mnt/d/OneDrive/OneDrive_-_Technical_University_of_Cluj-Napoca/Research/RpiPico/pico-sdk/src/rp2_common/pico_stdio/stdio.c.obj
                0x0000000010004bc0                __wrap_printf
 .text.stdio_init_all
                0x0000000010004bd8        0xe CMakeFiles/main.dir/mnt/d/OneDrive/OneDrive_-_Technical_University_of_Cluj-Napoca/Research/RpiPico/pico-sdk/src/rp2_common/pico_stdio/stdio.c.obj
                0x0000000010004bd8                stdio_init_all
 *fill*         0x0000000010004be6        0x2 
 .text.stdio_uart_out_chars
                0x0000000010004be8       0x74 CMakeFiles/main.dir/mnt/d/OneDrive/OneDrive_-_Technical_University_of_Cluj-Napoca/Research/RpiPico/pico-sdk/src/rp2_common/pico_stdio_uart/stdio_uart.c.obj
 .text.stdio_uart_in_chars
                0x0000000010004c5c       0x80 CMakeFiles/main.dir/mnt/d/OneDrive/OneDrive_-_Technical_University_of_Cluj-Napoca/Research/RpiPico/pico-sdk/src/rp2_common/pico_stdio_uart/stdio_uart.c.obj
                0x0000000010004c5c                stdio_uart_in_chars
 .text.on_uart_rx
                0x0000000010004cdc       0x28 CMakeFiles/main.dir/mnt/d/OneDrive/OneDrive_-_Technical_University_of_Cluj-Napoca/Research/RpiPico/pico-sdk/src/rp2_common/pico_stdio_uart/stdio_uart.c.obj
 .text.stdio_uart_set_chars_available_callback
                0x0000000010004d04       0x8c CMakeFiles/main.dir/mnt/d/OneDrive/OneDrive_-_Technical_University_of_Cluj-Napoca/Research/RpiPico/pico-sdk/src/rp2_common/pico_stdio_uart/stdio_uart.c.obj
 .text.stdio_uart_init_full
                0x0000000010004d90       0x44 CMakeFiles/main.dir/mnt/d/OneDrive/OneDrive_-_Technical_University_of_Cluj-Napoca/Research/RpiPico/pico-sdk/src/rp2_common/pico_stdio_uart/stdio_uart.c.obj
                0x0000000010004d90                stdio_uart_init_full
 .text.stdio_uart_init
                0x0000000010004dd4       0x28 CMakeFiles/main.dir/mnt/d/OneDrive/OneDrive_-_Technical_University_of_Cluj-Napoca/Research/RpiPico/pico-sdk/src/rp2_common/pico_stdio_uart/stdio_uart.c.obj
                0x0000000010004dd4                stdio_uart_init
 .text.resetd_init
                0x0000000010004dfc        0x2 CMakeFiles/main.dir/mnt/d/OneDrive/OneDrive_-_Technical_University_of_Cluj-Napoca/Research/RpiPico/pico-sdk/src/rp2_common/pico_stdio_usb/reset_interface.c.obj
 *fill*         0x0000000010004dfe        0x2 
 .text.resetd_reset
                0x0000000010004e00        0xc CMakeFiles/main.dir/mnt/d/OneDrive/OneDrive_-_Technical_University_of_Cluj-Napoca/Research/RpiPico/pico-sdk/src/rp2_common/pico_stdio_usb/reset_interface.c.obj
 .text.resetd_open
                0x0000000010004e0c       0x34 CMakeFiles/main.dir/mnt/d/OneDrive/OneDrive_-_Technical_University_of_Cluj-Napoca/Research/RpiPico/pico-sdk/src/rp2_common/pico_stdio_usb/reset_interface.c.obj
 .text.resetd_xfer_cb
                0x0000000010004e40        0x4 CMakeFiles/main.dir/mnt/d/OneDrive/OneDrive_-_Technical_University_of_Cluj-Napoca/Research/RpiPico/pico-sdk/src/rp2_common/pico_stdio_usb/reset_interface.c.obj
 .text.reset_usb_boot
                0x0000000010004e44       0x18 CMakeFiles/main.dir/mnt/d/OneDrive/OneDrive_-_Technical_University_of_Cluj-Napoca/Research/RpiPico/pico-sdk/src/rp2_common/pico_stdio_usb/reset_interface.c.obj
 .text.resetd_control_xfer_cb
                0x0000000010004e5c       0x5c CMakeFiles/main.dir/mnt/d/OneDrive/OneDrive_-_Technical_University_of_Cluj-Napoca/Research/RpiPico/pico-sdk/src/rp2_common/pico_stdio_usb/reset_interface.c.obj
 .text.usbd_app_driver_get_cb
                0x0000000010004eb8        0xc CMakeFiles/main.dir/mnt/d/OneDrive/OneDrive_-_Technical_University_of_Cluj-Napoca/Research/RpiPico/pico-sdk/src/rp2_common/pico_stdio_usb/reset_interface.c.obj
                0x0000000010004eb8                usbd_app_driver_get_cb
 .text.tud_cdc_line_coding_cb
                0x0000000010004ec4       0x28 CMakeFiles/main.dir/mnt/d/OneDrive/OneDrive_-_Technical_University_of_Cluj-Napoca/Research/RpiPico/pico-sdk/src/rp2_common/pico_stdio_usb/reset_interface.c.obj
                0x0000000010004ec4                tud_cdc_line_coding_cb
 .text.stdio_usb_set_chars_available_callback
                0x0000000010004eec       0x14 CMakeFiles/main.dir/mnt/d/OneDrive/OneDrive_-_Technical_University_of_Cluj-Napoca/Research/RpiPico/pico-sdk/src/rp2_common/pico_stdio_usb/stdio_usb.c.obj
                0x0000000010004eec                stdio_usb_set_chars_available_callback
 .text.usb_irq  0x0000000010004f00       0x10 CMakeFiles/main.dir/mnt/d/OneDrive/OneDrive_-_Technical_University_of_Cluj-Napoca/Research/RpiPico/pico-sdk/src/rp2_common/pico_stdio_usb/stdio_usb.c.obj
 .text.timer_task
                0x0000000010004f10       0x5c CMakeFiles/main.dir/mnt/d/OneDrive/OneDrive_-_Technical_University_of_Cluj-Napoca/Research/RpiPico/pico-sdk/src/rp2_common/pico_stdio_usb/stdio_usb.c.obj
 .text.low_priority_worker_irq
                0x0000000010004f6c       0xdc CMakeFiles/main.dir/mnt/d/OneDrive/OneDrive_-_Technical_University_of_Cluj-Napoca/Research/RpiPico/pico-sdk/src/rp2_common/pico_stdio_usb/stdio_usb.c.obj
 .text.tud_cdc_rx_cb
                0x0000000010005048       0x20 CMakeFiles/main.dir/mnt/d/OneDrive/OneDrive_-_Technical_University_of_Cluj-Napoca/Research/RpiPico/pico-sdk/src/rp2_common/pico_stdio_usb/stdio_usb.c.obj
                0x0000000010005048                tud_cdc_rx_cb
 .text.stdio_usb_init
                0x0000000010005068      0x11c CMakeFiles/main.dir/mnt/d/OneDrive/OneDrive_-_Technical_University_of_Cluj-Napoca/Research/RpiPico/pico-sdk/src/rp2_common/pico_stdio_usb/stdio_usb.c.obj
                0x0000000010005068                stdio_usb_init
 .text.stdio_usb_connected
                0x0000000010005184        0xa CMakeFiles/main.dir/mnt/d/OneDrive/OneDrive_-_Technical_University_of_Cluj-Napoca/Research/RpiPico/pico-sdk/src/rp2_common/pico_stdio_usb/stdio_usb.c.obj
                0x0000000010005184                stdio_usb_connected
 *fill*         0x000000001000518e        0x2 
 .text.stdio_usb_in_chars
                0x0000000010005190       0xc4 CMakeFiles/main.dir/mnt/d/OneDrive/OneDrive_-_Technical_University_of_Cluj-Napoca/Research/RpiPico/pico-sdk/src/rp2_common/pico_stdio_usb/stdio_usb.c.obj
                0x0000000010005190                stdio_usb_in_chars
 .text.stdio_usb_out_chars
                0x0000000010005254      0x114 CMakeFiles/main.dir/mnt/d/OneDrive/OneDrive_-_Technical_University_of_Cluj-Napoca/Research/RpiPico/pico-sdk/src/rp2_common/pico_stdio_usb/stdio_usb.c.obj
 .text.tud_descriptor_device_cb
                0x0000000010005368        0x8 CMakeFiles/main.dir/mnt/d/OneDrive/OneDrive_-_Technical_University_of_Cluj-Napoca/Research/RpiPico/pico-sdk/src/rp2_common/pico_stdio_usb/stdio_usb_descriptors.c.obj
                0x0000000010005368                tud_descriptor_device_cb
 .text.tud_descriptor_configuration_cb
                0x0000000010005370        0x8 CMakeFiles/main.dir/mnt/d/OneDrive/OneDrive_-_Technical_University_of_Cluj-Napoca/Research/RpiPico/pico-sdk/src/rp2_common/pico_stdio_usb/stdio_usb_descriptors.c.obj
                0x0000000010005370                tud_descriptor_configuration_cb
 .text.tud_descriptor_string_cb
                0x0000000010005378       0x6c CMakeFiles/main.dir/mnt/d/OneDrive/OneDrive_-_Technical_University_of_Cluj-Napoca/Research/RpiPico/pico-sdk/src/rp2_common/pico_stdio_usb/stdio_usb_descriptors.c.obj
                0x0000000010005378                tud_descriptor_string_cb
 .text._retrieve_unique_id_on_boot
                0x00000000100053e4       0x10 CMakeFiles/main.dir/mnt/d/OneDrive/OneDrive_-_Technical_University_of_Cluj-Napoca/Research/RpiPico/pico-sdk/src/rp2_common/pico_unique_id/unique_id.c.obj
 .text.pico_get_unique_board_id_string
                0x00000000100053f4       0x60 CMakeFiles/main.dir/mnt/d/OneDrive/OneDrive_-_Technical_University_of_Cluj-Napoca/Research/RpiPico/pico-sdk/src/rp2_common/pico_unique_id/unique_id.c.obj
                0x00000000100053f4                pico_get_unique_board_id_string
 .text.flash_get_unique_id
                0x0000000010005454       0x46 CMakeFiles/main.dir/mnt/d/OneDrive/OneDrive_-_Technical_University_of_Cluj-Napoca/Research/RpiPico/pico-sdk/src/rp2_common/hardware_flash/flash.c.obj
                0x0000000010005454                flash_get_unique_id
 *fill*         0x000000001000549a        0x2 
 .text.hw_endpoint_get_by_addr
                0x000000001000549c       0x18 CMakeFiles/main.dir/mnt/d/OneDrive/OneDrive_-_Technical_University_of_Cluj-Napoca/Research/RpiPico/pico-sdk/lib/tinyusb/src/portable/raspberrypi/rp2040/dcd_rp2040.c.obj
 .text._hw_endpoint_alloc
                0x00000000100054b4       0x70 CMakeFiles/main.dir/mnt/d/OneDrive/OneDrive_-_Technical_University_of_Cluj-Napoca/Research/RpiPico/pico-sdk/lib/tinyusb/src/portable/raspberrypi/rp2040/dcd_rp2040.c.obj
 .text.hw_endpoint_init
                0x0000000010005524       0x88 CMakeFiles/main.dir/mnt/d/OneDrive/OneDrive_-_Technical_University_of_Cluj-Napoca/Research/RpiPico/pico-sdk/lib/tinyusb/src/portable/raspberrypi/rp2040/dcd_rp2040.c.obj
 .text.hw_endpoint_xfer
                0x00000000100055ac       0x14 CMakeFiles/main.dir/mnt/d/OneDrive/OneDrive_-_Technical_University_of_Cluj-Napoca/Research/RpiPico/pico-sdk/lib/tinyusb/src/portable/raspberrypi/rp2040/dcd_rp2040.c.obj
 .text.dcd_int_enable
                0x00000000100055c0       0x2c CMakeFiles/main.dir/mnt/d/OneDrive/OneDrive_-_Technical_University_of_Cluj-Napoca/Research/RpiPico/pico-sdk/lib/tinyusb/src/portable/raspberrypi/rp2040/dcd_rp2040.c.obj
                0x00000000100055c0                dcd_int_enable
 .text.dcd_set_address
                0x00000000100055ec       0x2c CMakeFiles/main.dir/mnt/d/OneDrive/OneDrive_-_Technical_University_of_Cluj-Napoca/Research/RpiPico/pico-sdk/lib/tinyusb/src/portable/raspberrypi/rp2040/dcd_rp2040.c.obj
                0x00000000100055ec                dcd_set_address
 .text.dcd_connect
                0x0000000010005618       0x10 CMakeFiles/main.dir/mnt/d/OneDrive/OneDrive_-_Technical_University_of_Cluj-Napoca/Research/RpiPico/pico-sdk/lib/tinyusb/src/portable/raspberrypi/rp2040/dcd_rp2040.c.obj
                0x0000000010005618                dcd_connect
 .text.dcd_init
                0x0000000010005628       0x80 CMakeFiles/main.dir/mnt/d/OneDrive/OneDrive_-_Technical_University_of_Cluj-Napoca/Research/RpiPico/pico-sdk/lib/tinyusb/src/portable/raspberrypi/rp2040/dcd_rp2040.c.obj
                0x0000000010005628                dcd_init
 .text.dcd_edpt0_status_complete
                0x00000000100056a8       0x1c CMakeFiles/main.dir/mnt/d/OneDrive/OneDrive_-_Technical_University_of_Cluj-Napoca/Research/RpiPico/pico-sdk/lib/tinyusb/src/portable/raspberrypi/rp2040/dcd_rp2040.c.obj
                0x00000000100056a8                dcd_edpt0_status_complete
 .text.dcd_edpt_open
                0x00000000100056c4       0x40 CMakeFiles/main.dir/mnt/d/OneDrive/OneDrive_-_Technical_University_of_Cluj-Napoca/Research/RpiPico/pico-sdk/lib/tinyusb/src/portable/raspberrypi/rp2040/dcd_rp2040.c.obj
                0x00000000100056c4                dcd_edpt_open
 .text.dcd_edpt_close_all
                0x0000000010005704        0x8 CMakeFiles/main.dir/mnt/d/OneDrive/OneDrive_-_Technical_University_of_Cluj-Napoca/Research/RpiPico/pico-sdk/lib/tinyusb/src/portable/raspberrypi/rp2040/dcd_rp2040.c.obj
                0x0000000010005704                dcd_edpt_close_all
 .text.dcd_edpt_xfer
                0x000000001000570c       0x34 CMakeFiles/main.dir/mnt/d/OneDrive/OneDrive_-_Technical_University_of_Cluj-Napoca/Research/RpiPico/pico-sdk/lib/tinyusb/src/portable/raspberrypi/rp2040/dcd_rp2040.c.obj
                0x000000001000570c                dcd_edpt_xfer
 .text.dcd_edpt_stall
                0x0000000010005740       0x2c CMakeFiles/main.dir/mnt/d/OneDrive/OneDrive_-_Technical_University_of_Cluj-Napoca/Research/RpiPico/pico-sdk/lib/tinyusb/src/portable/raspberrypi/rp2040/dcd_rp2040.c.obj
                0x0000000010005740                dcd_edpt_stall
 .text.dcd_edpt_clear_stall
                0x000000001000576c       0x20 CMakeFiles/main.dir/mnt/d/OneDrive/OneDrive_-_Technical_University_of_Cluj-Napoca/Research/RpiPico/pico-sdk/lib/tinyusb/src/portable/raspberrypi/rp2040/dcd_rp2040.c.obj
                0x000000001000576c                dcd_edpt_clear_stall
 .text.rp2040_usb_init
                0x000000001000578c       0x4c CMakeFiles/main.dir/mnt/d/OneDrive/OneDrive_-_Technical_University_of_Cluj-Napoca/Research/RpiPico/pico-sdk/lib/tinyusb/src/portable/raspberrypi/rp2040/rp2040_usb.c.obj
                0x000000001000578c                rp2040_usb_init
 .text.hw_endpoint_xfer_start
                0x00000000100057d8       0x50 CMakeFiles/main.dir/mnt/d/OneDrive/OneDrive_-_Technical_University_of_Cluj-Napoca/Research/RpiPico/pico-sdk/lib/tinyusb/src/portable/raspberrypi/rp2040/rp2040_usb.c.obj
                0x00000000100057d8                hw_endpoint_xfer_start
 .text.configuration_reset
                0x0000000010005828       0x84 CMakeFiles/main.dir/mnt/d/OneDrive/OneDrive_-_Technical_University_of_Cluj-Napoca/Research/RpiPico/pico-sdk/lib/tinyusb/src/device/usbd.c.obj
 .text.usbd_reset
                0x00000000100058ac        0xc CMakeFiles/main.dir/mnt/d/OneDrive/OneDrive_-_Technical_University_of_Cluj-Napoca/Research/RpiPico/pico-sdk/lib/tinyusb/src/device/usbd.c.obj
 .text.invoke_class_control
                0x00000000100058b8       0x1a CMakeFiles/main.dir/mnt/d/OneDrive/OneDrive_-_Technical_University_of_Cluj-Napoca/Research/RpiPico/pico-sdk/lib/tinyusb/src/device/usbd.c.obj
 *fill*         0x00000000100058d2        0x2 
 .text.process_set_config
                0x00000000100058d4      0x178 CMakeFiles/main.dir/mnt/d/OneDrive/OneDrive_-_Technical_University_of_Cluj-Napoca/Research/RpiPico/pico-sdk/lib/tinyusb/src/device/usbd.c.obj
 .text.process_get_descriptor
                0x0000000010005a4c       0xdc CMakeFiles/main.dir/mnt/d/OneDrive/OneDrive_-_Technical_University_of_Cluj-Napoca/Research/RpiPico/pico-sdk/lib/tinyusb/src/device/usbd.c.obj
 .text.tud_mounted
                0x0000000010005b28       0x10 CMakeFiles/main.dir/mnt/d/OneDrive/OneDrive_-_Technical_University_of_Cluj-Napoca/Research/RpiPico/pico-sdk/lib/tinyusb/src/device/usbd.c.obj
                0x0000000010005b28                tud_mounted
 .text.tud_suspended
                0x0000000010005b38       0x10 CMakeFiles/main.dir/mnt/d/OneDrive/OneDrive_-_Technical_University_of_Cluj-Napoca/Research/RpiPico/pico-sdk/lib/tinyusb/src/device/usbd.c.obj
                0x0000000010005b38                tud_suspended
 .text.tud_inited
                0x0000000010005b48       0x14 CMakeFiles/main.dir/mnt/d/OneDrive/OneDrive_-_Technical_University_of_Cluj-Napoca/Research/RpiPico/pico-sdk/lib/tinyusb/src/device/usbd.c.obj
                0x0000000010005b48                tud_inited
 .text.tud_init
                0x0000000010005b5c       0xcc CMakeFiles/main.dir/mnt/d/OneDrive/OneDrive_-_Technical_University_of_Cluj-Napoca/Research/RpiPico/pico-sdk/lib/tinyusb/src/device/usbd.c.obj
                0x0000000010005b5c                tud_init
 .text.usbd_defer_func
                0x0000000010005c28       0x2a CMakeFiles/main.dir/mnt/d/OneDrive/OneDrive_-_Technical_University_of_Cluj-Napoca/Research/RpiPico/pico-sdk/lib/tinyusb/src/device/usbd.c.obj
                0x0000000010005c28                usbd_defer_func
 *fill*         0x0000000010005c52        0x2 
 .text.usbd_edpt_open
                0x0000000010005c54       0x34 CMakeFiles/main.dir/mnt/d/OneDrive/OneDrive_-_Technical_University_of_Cluj-Napoca/Research/RpiPico/pico-sdk/lib/tinyusb/src/device/usbd.c.obj
                0x0000000010005c54                usbd_edpt_open
 .text.usbd_open_edpt_pair
                0x0000000010005c88       0x62 CMakeFiles/main.dir/mnt/d/OneDrive/OneDrive_-_Technical_University_of_Cluj-Napoca/Research/RpiPico/pico-sdk/lib/tinyusb/src/device/usbd.c.obj
                0x0000000010005c88                usbd_open_edpt_pair
 *fill*         0x0000000010005cea        0x2 
 .text.usbd_edpt_claim
                0x0000000010005cec       0x28 CMakeFiles/main.dir/mnt/d/OneDrive/OneDrive_-_Technical_University_of_Cluj-Napoca/Research/RpiPico/pico-sdk/lib/tinyusb/src/device/usbd.c.obj
                0x0000000010005cec                usbd_edpt_claim
 .text.usbd_edpt_release
                0x0000000010005d14       0x28 CMakeFiles/main.dir/mnt/d/OneDrive/OneDrive_-_Technical_University_of_Cluj-Napoca/Research/RpiPico/pico-sdk/lib/tinyusb/src/device/usbd.c.obj
                0x0000000010005d14                usbd_edpt_release
 .text.usbd_edpt_xfer
                0x0000000010005d3c       0x78 CMakeFiles/main.dir/mnt/d/OneDrive/OneDrive_-_Technical_University_of_Cluj-Napoca/Research/RpiPico/pico-sdk/lib/tinyusb/src/device/usbd.c.obj
                0x0000000010005d3c                usbd_edpt_xfer
 .text.usbd_edpt_stall
                0x0000000010005db4       0x48 CMakeFiles/main.dir/mnt/d/OneDrive/OneDrive_-_Technical_University_of_Cluj-Napoca/Research/RpiPico/pico-sdk/lib/tinyusb/src/device/usbd.c.obj
                0x0000000010005db4                usbd_edpt_stall
 .text.usbd_edpt_clear_stall
                0x0000000010005dfc       0x48 CMakeFiles/main.dir/mnt/d/OneDrive/OneDrive_-_Technical_University_of_Cluj-Napoca/Research/RpiPico/pico-sdk/lib/tinyusb/src/device/usbd.c.obj
                0x0000000010005dfc                usbd_edpt_clear_stall
 .text.usbd_edpt_stalled
                0x0000000010005e44       0x1c CMakeFiles/main.dir/mnt/d/OneDrive/OneDrive_-_Technical_University_of_Cluj-Napoca/Research/RpiPico/pico-sdk/lib/tinyusb/src/device/usbd.c.obj
                0x0000000010005e44                usbd_edpt_stalled
 .text.process_control_request
                0x0000000010005e60      0x37c CMakeFiles/main.dir/mnt/d/OneDrive/OneDrive_-_Technical_University_of_Cluj-Napoca/Research/RpiPico/pico-sdk/lib/tinyusb/src/device/usbd.c.obj
 .text.tud_task_ext
                0x00000000100061dc      0x1b8 CMakeFiles/main.dir/mnt/d/OneDrive/OneDrive_-_Technical_University_of_Cluj-Napoca/Research/RpiPico/pico-sdk/lib/tinyusb/src/device/usbd.c.obj
                0x00000000100061dc                tud_task_ext
 .text._data_stage_xact
                0x0000000010006394       0x58 CMakeFiles/main.dir/mnt/d/OneDrive/OneDrive_-_Technical_University_of_Cluj-Napoca/Research/RpiPico/pico-sdk/lib/tinyusb/src/device/usbd_control.c.obj
 .text.tud_control_status
                0x00000000100063ec       0x38 CMakeFiles/main.dir/mnt/d/OneDrive/OneDrive_-_Technical_University_of_Cluj-Napoca/Research/RpiPico/pico-sdk/lib/tinyusb/src/device/usbd_control.c.obj
                0x00000000100063ec                tud_control_status
 .text.tud_control_xfer
                0x0000000010006424       0x74 CMakeFiles/main.dir/mnt/d/OneDrive/OneDrive_-_Technical_University_of_Cluj-Napoca/Research/RpiPico/pico-sdk/lib/tinyusb/src/device/usbd_control.c.obj
                0x0000000010006424                tud_control_xfer
 .text.usbd_control_reset
                0x0000000010006498       0x14 CMakeFiles/main.dir/mnt/d/OneDrive/OneDrive_-_Technical_University_of_Cluj-Napoca/Research/RpiPico/pico-sdk/lib/tinyusb/src/device/usbd_control.c.obj
                0x0000000010006498                usbd_control_reset
 .text.usbd_control_set_complete_callback
                0x00000000100064ac        0xc CMakeFiles/main.dir/mnt/d/OneDrive/OneDrive_-_Technical_University_of_Cluj-Napoca/Research/RpiPico/pico-sdk/lib/tinyusb/src/device/usbd_control.c.obj
                0x00000000100064ac                usbd_control_set_complete_callback
 .text.usbd_control_set_request
                0x00000000100064b8       0x1c CMakeFiles/main.dir/mnt/d/OneDrive/OneDrive_-_Technical_University_of_Cluj-Napoca/Research/RpiPico/pico-sdk/lib/tinyusb/src/device/usbd_control.c.obj
                0x00000000100064b8                usbd_control_set_request
 .text.usbd_control_xfer_cb
                0x00000000100064d4       0xcc CMakeFiles/main.dir/mnt/d/OneDrive/OneDrive_-_Technical_University_of_Cluj-Napoca/Research/RpiPico/pico-sdk/lib/tinyusb/src/device/usbd_control.c.obj
                0x00000000100064d4                usbd_control_xfer_cb
 .text._prep_out_transaction
                0x00000000100065a0       0x4a CMakeFiles/main.dir/mnt/d/OneDrive/OneDrive_-_Technical_University_of_Cluj-Napoca/Research/RpiPico/pico-sdk/lib/tinyusb/src/class/cdc/cdc_device.c.obj
 *fill*         0x00000000100065ea        0x2 
 .text.tud_cdc_n_connected
                0x00000000100065ec       0x44 CMakeFiles/main.dir/mnt/d/OneDrive/OneDrive_-_Technical_University_of_Cluj-Napoca/Research/RpiPico/pico-sdk/lib/tinyusb/src/class/cdc/cdc_device.c.obj
                0x00000000100065ec                tud_cdc_n_connected
 .text.tud_cdc_n_available
                0x0000000010006630       0x18 CMakeFiles/main.dir/mnt/d/OneDrive/OneDrive_-_Technical_University_of_Cluj-Napoca/Research/RpiPico/pico-sdk/lib/tinyusb/src/class/cdc/cdc_device.c.obj
                0x0000000010006630                tud_cdc_n_available
 .text.tud_cdc_n_read
                0x0000000010006648       0x28 CMakeFiles/main.dir/mnt/d/OneDrive/OneDrive_-_Technical_University_of_Cluj-Napoca/Research/RpiPico/pico-sdk/lib/tinyusb/src/class/cdc/cdc_device.c.obj
                0x0000000010006648                tud_cdc_n_read
 .text.tud_cdc_n_write_flush
                0x0000000010006670       0xb8 CMakeFiles/main.dir/mnt/d/OneDrive/OneDrive_-_Technical_University_of_Cluj-Napoca/Research/RpiPico/pico-sdk/lib/tinyusb/src/class/cdc/cdc_device.c.obj
                0x0000000010006670                tud_cdc_n_write_flush
 .text.tud_cdc_n_write
                0x0000000010006728       0x38 CMakeFiles/main.dir/mnt/d/OneDrive/OneDrive_-_Technical_University_of_Cluj-Napoca/Research/RpiPico/pico-sdk/lib/tinyusb/src/class/cdc/cdc_device.c.obj
                0x0000000010006728                tud_cdc_n_write
 .text.tud_cdc_n_write_available
                0x0000000010006760       0x1c CMakeFiles/main.dir/mnt/d/OneDrive/OneDrive_-_Technical_University_of_Cluj-Napoca/Research/RpiPico/pico-sdk/lib/tinyusb/src/class/cdc/cdc_device.c.obj
                0x0000000010006760                tud_cdc_n_write_available
 .text.cdcd_init
                0x000000001000677c       0xbc CMakeFiles/main.dir/mnt/d/OneDrive/OneDrive_-_Technical_University_of_Cluj-Napoca/Research/RpiPico/pico-sdk/lib/tinyusb/src/class/cdc/cdc_device.c.obj
                0x000000001000677c                cdcd_init
 .text.cdcd_reset
                0x0000000010006838       0x44 CMakeFiles/main.dir/mnt/d/OneDrive/OneDrive_-_Technical_University_of_Cluj-Napoca/Research/RpiPico/pico-sdk/lib/tinyusb/src/class/cdc/cdc_device.c.obj
                0x0000000010006838                cdcd_reset
 .text.cdcd_open
                0x000000001000687c       0xcc CMakeFiles/main.dir/mnt/d/OneDrive/OneDrive_-_Technical_University_of_Cluj-Napoca/Research/RpiPico/pico-sdk/lib/tinyusb/src/class/cdc/cdc_device.c.obj
                0x000000001000687c                cdcd_open
 .text.cdcd_control_xfer_cb
                0x0000000010006948      0x134 CMakeFiles/main.dir/mnt/d/OneDrive/OneDrive_-_Technical_University_of_Cluj-Napoca/Research/RpiPico/pico-sdk/lib/tinyusb/src/class/cdc/cdc_device.c.obj
                0x0000000010006948                cdcd_control_xfer_cb
 .text.cdcd_xfer_cb
                0x0000000010006a7c      0x130 CMakeFiles/main.dir/mnt/d/OneDrive/OneDrive_-_Technical_University_of_Cluj-Napoca/Research/RpiPico/pico-sdk/lib/tinyusb/src/class/cdc/cdc_device.c.obj
                0x0000000010006a7c                cdcd_xfer_cb
 .text.tusb_init
                0x0000000010006bac        0xa CMakeFiles/main.dir/mnt/d/OneDrive/OneDrive_-_Technical_University_of_Cluj-Napoca/Research/RpiPico/pico-sdk/lib/tinyusb/src/tusb.c.obj
                0x0000000010006bac                tusb_init
 .text.tusb_inited
                0x0000000010006bb6        0xe CMakeFiles/main.dir/mnt/d/OneDrive/OneDrive_-_Technical_University_of_Cluj-Napoca/Research/RpiPico/pico-sdk/lib/tinyusb/src/tusb.c.obj
                0x0000000010006bb6                tusb_inited
 .text.tu_edpt_claim
                0x0000000010006bc4       0x50 CMakeFiles/main.dir/mnt/d/OneDrive/OneDrive_-_Technical_University_of_Cluj-Napoca/Research/RpiPico/pico-sdk/lib/tinyusb/src/tusb.c.obj
                0x0000000010006bc4                tu_edpt_claim
 .text.tu_edpt_release
                0x0000000010006c14       0x3c CMakeFiles/main.dir/mnt/d/OneDrive/OneDrive_-_Technical_University_of_Cluj-Napoca/Research/RpiPico/pico-sdk/lib/tinyusb/src/tusb.c.obj
                0x0000000010006c14                tu_edpt_release
 .text.tu_edpt_validate
                0x0000000010006c50       0x78 CMakeFiles/main.dir/mnt/d/OneDrive/OneDrive_-_Technical_University_of_Cluj-Napoca/Research/RpiPico/pico-sdk/lib/tinyusb/src/tusb.c.obj
                0x0000000010006c50                tu_edpt_validate
 .text.tu_edpt_bind_driver
                0x0000000010006cc8       0x26 CMakeFiles/main.dir/mnt/d/OneDrive/OneDrive_-_Technical_University_of_Cluj-Napoca/Research/RpiPico/pico-sdk/lib/tinyusb/src/tusb.c.obj
                0x0000000010006cc8                tu_edpt_bind_driver
 .text.advance_index
                0x0000000010006cee       0x1a CMakeFiles/main.dir/mnt/d/OneDrive/OneDrive_-_Technical_University_of_Cluj-Napoca/Research/RpiPico/pico-sdk/lib/tinyusb/src/common/tusb_fifo.c.obj
 .text._tu_fifo_peek
                0x0000000010006d08       0x56 CMakeFiles/main.dir/mnt/d/OneDrive/OneDrive_-_Technical_University_of_Cluj-Napoca/Research/RpiPico/pico-sdk/lib/tinyusb/src/common/tusb_fifo.c.obj
 .text._ff_pull_const_addr
                0x0000000010006d5e       0x4c CMakeFiles/main.dir/mnt/d/OneDrive/OneDrive_-_Technical_University_of_Cluj-Napoca/Research/RpiPico/pico-sdk/lib/tinyusb/src/common/tusb_fifo.c.obj
 .text._ff_pull_n
                0x0000000010006daa      0x110 CMakeFiles/main.dir/mnt/d/OneDrive/OneDrive_-_Technical_University_of_Cluj-Napoca/Research/RpiPico/pico-sdk/lib/tinyusb/src/common/tusb_fifo.c.obj
 .text._tu_fifo_peek_n
                0x0000000010006eba       0x6a CMakeFiles/main.dir/mnt/d/OneDrive/OneDrive_-_Technical_University_of_Cluj-Napoca/Research/RpiPico/pico-sdk/lib/tinyusb/src/common/tusb_fifo.c.obj
 .text._tu_fifo_read_n
                0x0000000010006f24       0x4e CMakeFiles/main.dir/mnt/d/OneDrive/OneDrive_-_Technical_University_of_Cluj-Napoca/Research/RpiPico/pico-sdk/lib/tinyusb/src/common/tusb_fifo.c.obj
 .text._ff_push_const_addr
                0x0000000010006f72       0x40 CMakeFiles/main.dir/mnt/d/OneDrive/OneDrive_-_Technical_University_of_Cluj-Napoca/Research/RpiPico/pico-sdk/lib/tinyusb/src/common/tusb_fifo.c.obj
 .text._ff_push_n
                0x0000000010006fb2      0x10c CMakeFiles/main.dir/mnt/d/OneDrive/OneDrive_-_Technical_University_of_Cluj-Napoca/Research/RpiPico/pico-sdk/lib/tinyusb/src/common/tusb_fifo.c.obj
 .text._tu_fifo_write_n
                0x00000000100070be       0xf0 CMakeFiles/main.dir/mnt/d/OneDrive/OneDrive_-_Technical_University_of_Cluj-Napoca/Research/RpiPico/pico-sdk/lib/tinyusb/src/common/tusb_fifo.c.obj
 .text.tu_fifo_config
                0x00000000100071ae       0x7c CMakeFiles/main.dir/mnt/d/OneDrive/OneDrive_-_Technical_University_of_Cluj-Napoca/Research/RpiPico/pico-sdk/lib/tinyusb/src/common/tusb_fifo.c.obj
                0x00000000100071ae                tu_fifo_config
 .text.tu_fifo_count
                0x000000001000722a       0x2a CMakeFiles/main.dir/mnt/d/OneDrive/OneDrive_-_Technical_University_of_Cluj-Napoca/Research/RpiPico/pico-sdk/lib/tinyusb/src/common/tusb_fifo.c.obj
                0x000000001000722a                tu_fifo_count
 .text.tu_fifo_empty
                0x0000000010007254       0x10 CMakeFiles/main.dir/mnt/d/OneDrive/OneDrive_-_Technical_University_of_Cluj-Napoca/Research/RpiPico/pico-sdk/lib/tinyusb/src/common/tusb_fifo.c.obj
                0x0000000010007254                tu_fifo_empty
 .text.tu_fifo_full
                0x0000000010007264       0x28 CMakeFiles/main.dir/mnt/d/OneDrive/OneDrive_-_Technical_University_of_Cluj-Napoca/Research/RpiPico/pico-sdk/lib/tinyusb/src/common/tusb_fifo.c.obj
                0x0000000010007264                tu_fifo_full
 .text.tu_fifo_remaining
                0x000000001000728c       0x2c CMakeFiles/main.dir/mnt/d/OneDrive/OneDrive_-_Technical_University_of_Cluj-Napoca/Research/RpiPico/pico-sdk/lib/tinyusb/src/common/tusb_fifo.c.obj
                0x000000001000728c                tu_fifo_remaining
 .text.tu_fifo_read
                0x00000000100072b8       0x42 CMakeFiles/main.dir/mnt/d/OneDrive/OneDrive_-_Technical_University_of_Cluj-Napoca/Research/RpiPico/pico-sdk/lib/tinyusb/src/common/tusb_fifo.c.obj
                0x00000000100072b8                tu_fifo_read
 .text.tu_fifo_read_n
                0x00000000100072fa        0xa CMakeFiles/main.dir/mnt/d/OneDrive/OneDrive_-_Technical_University_of_Cluj-Napoca/Research/RpiPico/pico-sdk/lib/tinyusb/src/common/tusb_fifo.c.obj
                0x00000000100072fa                tu_fifo_read_n
 .text.tu_fifo_write
                0x0000000010007304       0x64 CMakeFiles/main.dir/mnt/d/OneDrive/OneDrive_-_Technical_University_of_Cluj-Napoca/Research/RpiPico/pico-sdk/lib/tinyusb/src/common/tusb_fifo.c.obj
                0x0000000010007304                tu_fifo_write
 .text.tu_fifo_write_n
                0x0000000010007368        0xa CMakeFiles/main.dir/mnt/d/OneDrive/OneDrive_-_Technical_University_of_Cluj-Napoca/Research/RpiPico/pico-sdk/lib/tinyusb/src/common/tusb_fifo.c.obj
                0x0000000010007368                tu_fifo_write_n
 .text.tu_fifo_clear
                0x0000000010007372       0x3e CMakeFiles/main.dir/mnt/d/OneDrive/OneDrive_-_Technical_University_of_Cluj-Napoca/Research/RpiPico/pico-sdk/lib/tinyusb/src/common/tusb_fifo.c.obj
                0x0000000010007372                tu_fifo_clear
 .text.tu_fifo_set_overwritable
                0x00000000100073b0       0x46 CMakeFiles/main.dir/mnt/d/OneDrive/OneDrive_-_Technical_University_of_Cluj-Napoca/Research/RpiPico/pico-sdk/lib/tinyusb/src/common/tusb_fifo.c.obj
                0x00000000100073b0                tu_fifo_set_overwritable
 *fill*         0x00000000100073f6        0x2 
 .text.adc_init
                0x00000000100073f8       0x34 CMakeFiles/main.dir/mnt/d/OneDrive/OneDrive_-_Technical_University_of_Cluj-Napoca/Research/RpiPico/pico-sdk/src/rp2_common/hardware_adc/adc.c.obj
                0x00000000100073f8                adc_init
 .text          0x000000001000742c       0x5c /usr/lib/gcc/arm-none-eabi/10.3.1/../../../arm-none-eabi/lib/thumb/v6-m/nofp/libg.a(lib_a-strlen-stub.o)
                0x000000001000742c                strlen
 *(.fini)
 .fini          0x0000000010007488        0x4 /usr/lib/gcc/arm-none-eabi/10.3.1/thumb/v6-m/nofp/crti.o
                0x0000000010007488                _fini
 *fill*         0x000000001000748c        0x4 
 .fini.__stub   0x0000000010007490       0xe0 linker stubs
 *crtbegin.o(.ctors)
 *crtbegin?.o(.ctors)
 *(EXCLUDE_FILE(*crtend.o *crtend?.o) .ctors)
 *(SORT_BY_NAME(.ctors.*))
 *(.ctors)
 *crtbegin.o(.dtors)
 *crtbegin?.o(.dtors)
 *(EXCLUDE_FILE(*crtend.o *crtend?.o) .dtors)
 *(SORT_BY_NAME(.dtors.*))
 *(.dtors)
 *(.eh_frame*)
 .eh_frame      0x0000000010007570        0x0 /usr/lib/gcc/arm-none-eabi/10.3.1/thumb/v6-m/nofp/crtbegin.o
                0x0000000010007570                . = ALIGN (0x4)

.glue_7         0x0000000010007570        0x0
 .glue_7        0x0000000010007570        0x0 linker stubs

.glue_7t        0x0000000010007570        0x0
 .glue_7t       0x0000000010007570        0x0 linker stubs

.vfp11_veneer   0x0000000010007570        0x0
 .vfp11_veneer  0x0000000010007570        0x0 linker stubs

.v4_bx          0x0000000010007570        0x0
 .v4_bx         0x0000000010007570        0x0 linker stubs

.iplt           0x0000000010007570        0x0
 .iplt          0x0000000010007570        0x0 /usr/lib/gcc/arm-none-eabi/10.3.1/thumb/v6-m/nofp/crtbegin.o

.rodata         0x0000000010007570     0x1ad0
 *(EXCLUDE_FILE(*libm.a: *libc.a:*lib_a-mem*.o *libgcc.a:) .rodata*)
 .rodata.dma_channel_get_default_config.str1.4
                0x0000000010007570       0xac CMakeFiles/main.dir/main.c.obj
 .rodata.__func__.1
                0x000000001000761c       0x1c CMakeFiles/main.dir/main.c.obj
 .rodata.Filter0_ConstP
                0x0000000010007638       0x4c CMakeFiles/main.dir/Filter0_data.c.obj
                0x0000000010007638                Filter0_ConstP
 .rodata.spin_lock_claim_unused.str1.4
                0x0000000010007684       0x1b CMakeFiles/main.dir/mnt/d/OneDrive/OneDrive_-_Technical_University_of_Cluj-Napoca/Research/RpiPico/pico-sdk/src/rp2_common/hardware_sync/sync.c.obj
 *fill*         0x000000001000769f        0x1 
 .rodata.make_branch.str1.4
                0x00000000100076a0       0xab CMakeFiles/main.dir/mnt/d/OneDrive/OneDrive_-_Technical_University_of_Cluj-Napoca/Research/RpiPico/pico-sdk/src/rp2_common/hardware_irq/irq.c.obj
 *fill*         0x000000001000774b        0x1 
 .rodata.insert_branch_and_link.str1.4
                0x000000001000774c       0x10 CMakeFiles/main.dir/mnt/d/OneDrive/OneDrive_-_Technical_University_of_Cluj-Napoca/Research/RpiPico/pico-sdk/src/rp2_common/hardware_irq/irq.c.obj
 .rodata.irq_set_exclusive_handler.str1.4
                0x000000001000775c       0x36 CMakeFiles/main.dir/mnt/d/OneDrive/OneDrive_-_Technical_University_of_Cluj-Napoca/Research/RpiPico/pico-sdk/src/rp2_common/hardware_irq/irq.c.obj
 *fill*         0x0000000010007792        0x2 
 .rodata.irq_add_shared_handler.str1.4
                0x0000000010007794       0xd9 CMakeFiles/main.dir/mnt/d/OneDrive/OneDrive_-_Technical_University_of_Cluj-Napoca/Research/RpiPico/pico-sdk/src/rp2_common/hardware_irq/irq.c.obj
 *fill*         0x000000001000786d        0x3 
 .rodata.irq_remove_handler.str1.4
                0x0000000010007870       0x3a CMakeFiles/main.dir/mnt/d/OneDrive/OneDrive_-_Technical_University_of_Cluj-Napoca/Research/RpiPico/pico-sdk/src/rp2_common/hardware_irq/irq.c.obj
 *fill*         0x00000000100078aa        0x2 
 .rodata.irq_add_tail_to_free_list.str1.4
                0x00000000100078ac       0x3a CMakeFiles/main.dir/mnt/d/OneDrive/OneDrive_-_Technical_University_of_Cluj-Napoca/Research/RpiPico/pico-sdk/src/rp2_common/hardware_irq/irq.c.obj
 *fill*         0x00000000100078e6        0x2 
 .rodata.user_irq_claim_unused.str1.4
                0x00000000100078e8       0x1b CMakeFiles/main.dir/mnt/d/OneDrive/OneDrive_-_Technical_University_of_Cluj-Napoca/Research/RpiPico/pico-sdk/src/rp2_common/hardware_irq/irq.c.obj
 *fill*         0x0000000010007903        0x1 
 .rodata.__func__.0
                0x0000000010007904       0x1a CMakeFiles/main.dir/mnt/d/OneDrive/OneDrive_-_Technical_University_of_Cluj-Napoca/Research/RpiPico/pico-sdk/src/rp2_common/hardware_irq/irq.c.obj
 *fill*         0x000000001000791e        0x2 
 .rodata.__func__.1
                0x0000000010007920       0x17 CMakeFiles/main.dir/mnt/d/OneDrive/OneDrive_-_Technical_University_of_Cluj-Napoca/Research/RpiPico/pico-sdk/src/rp2_common/hardware_irq/irq.c.obj
 *fill*         0x0000000010007937        0x1 
 .rodata.__func__.2
                0x0000000010007938       0x13 CMakeFiles/main.dir/mnt/d/OneDrive/OneDrive_-_Technical_University_of_Cluj-Napoca/Research/RpiPico/pico-sdk/src/rp2_common/hardware_irq/irq.c.obj
 *fill*         0x000000001000794b        0x1 
 .rodata.__func__.3
                0x000000001000794c        0xc CMakeFiles/main.dir/mnt/d/OneDrive/OneDrive_-_Technical_University_of_Cluj-Napoca/Research/RpiPico/pico-sdk/src/rp2_common/hardware_irq/irq.c.obj
 .rodata.__func__.4
                0x0000000010007958        0xf CMakeFiles/main.dir/mnt/d/OneDrive/OneDrive_-_Technical_University_of_Cluj-Napoca/Research/RpiPico/pico-sdk/src/rp2_common/hardware_irq/irq.c.obj
 *fill*         0x0000000010007967        0x1 
 .rodata.__func__.5
                0x0000000010007968       0x17 CMakeFiles/main.dir/mnt/d/OneDrive/OneDrive_-_Technical_University_of_Cluj-Napoca/Research/RpiPico/pico-sdk/src/rp2_common/hardware_irq/irq.c.obj
 *fill*         0x000000001000797f        0x1 
 .rodata.__func__.6
                0x0000000010007980       0x1a CMakeFiles/main.dir/mnt/d/OneDrive/OneDrive_-_Technical_University_of_Cluj-Napoca/Research/RpiPico/pico-sdk/src/rp2_common/hardware_irq/irq.c.obj
 *fill*         0x000000001000799a        0x2 
 .rodata.str1.4
                0x000000001000799c      0x169 CMakeFiles/main.dir/mnt/d/OneDrive/OneDrive_-_Technical_University_of_Cluj-Napoca/Research/RpiPico/pico-sdk/src/common/pico_sync/mutex.c.obj
 *fill*         0x0000000010007b05        0x3 
 .rodata.__func__.1
                0x0000000010007b08        0xb CMakeFiles/main.dir/mnt/d/OneDrive/OneDrive_-_Technical_University_of_Cluj-Napoca/Research/RpiPico/pico-sdk/src/common/pico_sync/mutex.c.obj
 *fill*         0x0000000010007b13        0x1 
 .rodata.__func__.3
                0x0000000010007b14       0x18 CMakeFiles/main.dir/mnt/d/OneDrive/OneDrive_-_Technical_University_of_Cluj-Napoca/Research/RpiPico/pico-sdk/src/common/pico_sync/mutex.c.obj
 .rodata.__func__.4
                0x0000000010007b2c       0x15 CMakeFiles/main.dir/mnt/d/OneDrive/OneDrive_-_Technical_University_of_Cluj-Napoca/Research/RpiPico/pico-sdk/src/common/pico_sync/mutex.c.obj
 *fill*         0x0000000010007b41        0x3 
 .rodata.repeating_timer_callback.str1.4
                0x0000000010007b44       0x89 CMakeFiles/main.dir/mnt/d/OneDrive/OneDrive_-_Technical_University_of_Cluj-Napoca/Research/RpiPico/pico-sdk/src/common/pico_time/time.c.obj
 *fill*         0x0000000010007bcd        0x3 
 .rodata.timer_pool_entry_comparator.str1.4
                0x0000000010007bd0       0x22 CMakeFiles/main.dir/mnt/d/OneDrive/OneDrive_-_Technical_University_of_Cluj-Napoca/Research/RpiPico/pico-sdk/src/common/pico_time/time.c.obj
 *fill*         0x0000000010007bf2        0x2 
 .rodata.ph_add_child_node.str1.4
                0x0000000010007bf4       0xd2 CMakeFiles/main.dir/mnt/d/OneDrive/OneDrive_-_Technical_University_of_Cluj-Napoca/Research/RpiPico/pico-sdk/src/common/pico_time/time.c.obj
 *fill*         0x0000000010007cc6        0x2 
 .rodata.add_alarm_under_lock.str1.4
                0x0000000010007cc8       0x28 CMakeFiles/main.dir/mnt/d/OneDrive/OneDrive_-_Technical_University_of_Cluj-Napoca/Research/RpiPico/pico-sdk/src/common/pico_time/time.c.obj
                                         0x2b (size before relaxing)
 .rodata.alarm_pool_alarm_callback.str1.4
                0x0000000010007cf0       0x98 CMakeFiles/main.dir/mnt/d/OneDrive/OneDrive_-_Technical_University_of_Cluj-Napoca/Research/RpiPico/pico-sdk/src/common/pico_time/time.c.obj
                                        0x138 (size before relaxing)
 .rodata.alarm_pool_get_default.str1.4
                0x0000000010007d88       0x21 CMakeFiles/main.dir/mnt/d/OneDrive/OneDrive_-_Technical_University_of_Cluj-Napoca/Research/RpiPico/pico-sdk/src/common/pico_time/time.c.obj
 *fill*         0x0000000010007da9        0x3 
 .rodata.alarm_pool_cancel_alarm.str1.4
                0x0000000010007dac       0x27 CMakeFiles/main.dir/mnt/d/OneDrive/OneDrive_-_Technical_University_of_Cluj-Napoca/Research/RpiPico/pico-sdk/src/common/pico_time/time.c.obj
 *fill*         0x0000000010007dd3        0x1 
 .rodata.sleep_until.str1.4
                0x0000000010007dd4       0x4d CMakeFiles/main.dir/mnt/d/OneDrive/OneDrive_-_Technical_University_of_Cluj-Napoca/Research/RpiPico/pico-sdk/src/common/pico_time/time.c.obj
 *fill*         0x0000000010007e21        0x3 
 .rodata.__func__.1
                0x0000000010007e24       0x18 CMakeFiles/main.dir/mnt/d/OneDrive/OneDrive_-_Technical_University_of_Cluj-Napoca/Research/RpiPico/pico-sdk/src/common/pico_time/time.c.obj
 .rodata.__func__.10
                0x0000000010007e3c       0x15 CMakeFiles/main.dir/mnt/d/OneDrive/OneDrive_-_Technical_University_of_Cluj-Napoca/Research/RpiPico/pico-sdk/src/common/pico_time/time.c.obj
 *fill*         0x0000000010007e51        0x3 
 .rodata.__func__.11
                0x0000000010007e54       0x1a CMakeFiles/main.dir/mnt/d/OneDrive/OneDrive_-_Technical_University_of_Cluj-Napoca/Research/RpiPico/pico-sdk/src/common/pico_time/time.c.obj
 *fill*         0x0000000010007e6e        0x2 
 .rodata.__func__.12
                0x0000000010007e70        0xa CMakeFiles/main.dir/mnt/d/OneDrive/OneDrive_-_Technical_University_of_Cluj-Napoca/Research/RpiPico/pico-sdk/src/common/pico_time/time.c.obj
 *fill*         0x0000000010007e7a        0x2 
 .rodata.__func__.3
                0x0000000010007e7c       0x17 CMakeFiles/main.dir/mnt/d/OneDrive/OneDrive_-_Technical_University_of_Cluj-Napoca/Research/RpiPico/pico-sdk/src/common/pico_time/time.c.obj
 *fill*         0x0000000010007e93        0x1 
 .rodata.__func__.4
                0x0000000010007e94       0x12 CMakeFiles/main.dir/mnt/d/OneDrive/OneDrive_-_Technical_University_of_Cluj-Napoca/Research/RpiPico/pico-sdk/src/common/pico_time/time.c.obj
 *fill*         0x0000000010007ea6        0x2 
 .rodata.__func__.5
                0x0000000010007ea8        0xd CMakeFiles/main.dir/mnt/d/OneDrive/OneDrive_-_Technical_University_of_Cluj-Napoca/Research/RpiPico/pico-sdk/src/common/pico_time/time.c.obj
 *fill*         0x0000000010007eb5        0x3 
 .rodata.__func__.6
                0x0000000010007eb8       0x12 CMakeFiles/main.dir/mnt/d/OneDrive/OneDrive_-_Technical_University_of_Cluj-Napoca/Research/RpiPico/pico-sdk/src/common/pico_time/time.c.obj
 *fill*         0x0000000010007eca        0x2 
 .rodata.__func__.7
                0x0000000010007ecc        0xf CMakeFiles/main.dir/mnt/d/OneDrive/OneDrive_-_Technical_University_of_Cluj-Napoca/Research/RpiPico/pico-sdk/src/common/pico_time/time.c.obj
 *fill*         0x0000000010007edb        0x1 
 .rodata.__func__.8
                0x0000000010007edc        0xc CMakeFiles/main.dir/mnt/d/OneDrive/OneDrive_-_Technical_University_of_Cluj-Napoca/Research/RpiPico/pico-sdk/src/common/pico_time/time.c.obj
 .rodata.__func__.9
                0x0000000010007ee8       0x15 CMakeFiles/main.dir/mnt/d/OneDrive/OneDrive_-_Technical_University_of_Cluj-Napoca/Research/RpiPico/pico-sdk/src/common/pico_time/time.c.obj
 *fill*         0x0000000010007efd        0x3 
 .rodata.hardware_alarm_claim.str1.4
                0x0000000010007f00       0x22 CMakeFiles/main.dir/mnt/d/OneDrive/OneDrive_-_Technical_University_of_Cluj-Napoca/Research/RpiPico/pico-sdk/src/rp2_common/hardware_timer/timer.c.obj
 .rodata.busy_wait_us.str1.4
                0x0000000010007f22       0x9f CMakeFiles/main.dir/mnt/d/OneDrive/OneDrive_-_Technical_University_of_Cluj-Napoca/Research/RpiPico/pico-sdk/src/rp2_common/hardware_timer/timer.c.obj
 *fill*         0x0000000010007f22        0x2 
 .rodata.hardware_alarm_set_target.str1.4
                0x0000000010007f24       0xa3 CMakeFiles/main.dir/mnt/d/OneDrive/OneDrive_-_Technical_University_of_Cluj-Napoca/Research/RpiPico/pico-sdk/src/rp2_common/hardware_timer/timer.c.obj
 *fill*         0x0000000010007fc7        0x1 
 .rodata.__func__.0
                0x0000000010007fc8       0x1a CMakeFiles/main.dir/mnt/d/OneDrive/OneDrive_-_Technical_University_of_Cluj-Napoca/Research/RpiPico/pico-sdk/src/rp2_common/hardware_timer/timer.c.obj
 *fill*         0x0000000010007fe2        0x2 
 .rodata.__func__.1
                0x0000000010007fe4       0x15 CMakeFiles/main.dir/mnt/d/OneDrive/OneDrive_-_Technical_University_of_Cluj-Napoca/Research/RpiPico/pico-sdk/src/rp2_common/hardware_timer/timer.c.obj
 .rodata.ph_add_child_node.str1.4
                0x0000000010007ff9       0xd2 CMakeFiles/main.dir/mnt/d/OneDrive/OneDrive_-_Technical_University_of_Cluj-Napoca/Research/RpiPico/pico-sdk/src/common/pico_util/pheap.c.obj
 *fill*         0x0000000010007ff9        0x3 
 .rodata.ph_remove_any_head.str1.4
                0x0000000010007ffc       0xcc CMakeFiles/main.dir/mnt/d/OneDrive/OneDrive_-_Technical_University_of_Cluj-Napoca/Research/RpiPico/pico-sdk/src/common/pico_util/pheap.c.obj
                                         0xe0 (size before relaxing)
 .rodata.ph_remove_and_free_node.str1.4
                0x00000000100080c8       0x1e CMakeFiles/main.dir/mnt/d/OneDrive/OneDrive_-_Technical_University_of_Cluj-Napoca/Research/RpiPico/pico-sdk/src/common/pico_util/pheap.c.obj
                                         0x26 (size before relaxing)
 *fill*         0x00000000100080e6        0x2 
 .rodata.__func__.0
                0x00000000100080e8       0x18 CMakeFiles/main.dir/mnt/d/OneDrive/OneDrive_-_Technical_University_of_Cluj-Napoca/Research/RpiPico/pico-sdk/src/common/pico_util/pheap.c.obj
 .rodata.__func__.1
                0x0000000010008100       0x13 CMakeFiles/main.dir/mnt/d/OneDrive/OneDrive_-_Technical_University_of_Cluj-Napoca/Research/RpiPico/pico-sdk/src/common/pico_util/pheap.c.obj
 *fill*         0x0000000010008113        0x1 
 .rodata.__func__.2
                0x0000000010008114       0x12 CMakeFiles/main.dir/mnt/d/OneDrive/OneDrive_-_Technical_University_of_Cluj-Napoca/Research/RpiPico/pico-sdk/src/common/pico_util/pheap.c.obj
 *fill*         0x0000000010008126        0x2 
 .rodata.__func__.3
                0x0000000010008128        0xc CMakeFiles/main.dir/mnt/d/OneDrive/OneDrive_-_Technical_University_of_Cluj-Napoca/Research/RpiPico/pico-sdk/src/common/pico_util/pheap.c.obj
 .rodata.clock_configure.str1.4
                0x0000000010008134       0x95 CMakeFiles/main.dir/mnt/d/OneDrive/OneDrive_-_Technical_University_of_Cluj-Napoca/Research/RpiPico/pico-sdk/src/rp2_common/hardware_clocks/clocks.c.obj
 *fill*         0x00000000100081c9        0x3 
 .rodata.__func__.1
                0x00000000100081cc       0x10 CMakeFiles/main.dir/mnt/d/OneDrive/OneDrive_-_Technical_University_of_Cluj-Napoca/Research/RpiPico/pico-sdk/src/rp2_common/hardware_clocks/clocks.c.obj
 .rodata.pll_init.str1.4
                0x00000000100081dc      0x160 CMakeFiles/main.dir/mnt/d/OneDrive/OneDrive_-_Technical_University_of_Cluj-Napoca/Research/RpiPico/pico-sdk/src/rp2_common/hardware_pll/pll.c.obj
 .rodata.__func__.0
                0x000000001000833c        0x9 CMakeFiles/main.dir/mnt/d/OneDrive/OneDrive_-_Technical_University_of_Cluj-Napoca/Research/RpiPico/pico-sdk/src/rp2_common/hardware_pll/pll.c.obj
 *fill*         0x0000000010008345        0x3 
 .rodata.__assert_func.str1.4
                0x0000000010008348       0x3f CMakeFiles/main.dir/mnt/d/OneDrive/OneDrive_-_Technical_University_of_Cluj-Napoca/Research/RpiPico/pico-sdk/src/rp2_common/pico_runtime/runtime.c.obj
                                         0x43 (size before relaxing)
 *fill*         0x0000000010008387        0x1 
 .rodata.runtime_init.str1.4
                0x0000000010008388       0x9f CMakeFiles/main.dir/mnt/d/OneDrive/OneDrive_-_Technical_University_of_Cluj-Napoca/Research/RpiPico/pico-sdk/src/rp2_common/pico_runtime/runtime.c.obj
 *fill*         0x0000000010008427        0x1 
 .rodata.panic.str1.4
                0x0000000010008428       0x12 CMakeFiles/main.dir/mnt/d/OneDrive/OneDrive_-_Technical_University_of_Cluj-Napoca/Research/RpiPico/pico-sdk/src/rp2_common/pico_runtime/runtime.c.obj
 *fill*         0x000000001000843a        0x2 
 .rodata.__func__.2
                0x000000001000843c        0xd CMakeFiles/main.dir/mnt/d/OneDrive/OneDrive_-_Technical_University_of_Cluj-Napoca/Research/RpiPico/pico-sdk/src/rp2_common/pico_runtime/runtime.c.obj
 *fill*         0x0000000010008449        0x3 
 .rodata._ftoa.str1.4
                0x000000001000844c       0x15 CMakeFiles/main.dir/mnt/d/OneDrive/OneDrive_-_Technical_University_of_Cluj-Napoca/Research/RpiPico/pico-sdk/src/rp2_common/pico_printf/printf.c.obj
 *fill*         0x0000000010008461        0x3 
 .rodata._vsnprintf
                0x0000000010008464      0x1e0 CMakeFiles/main.dir/mnt/d/OneDrive/OneDrive_-_Technical_University_of_Cluj-Napoca/Research/RpiPico/pico-sdk/src/rp2_common/pico_printf/printf.c.obj
 *fill*         0x0000000010008644        0x4 
 .rodata.pow10.0
                0x0000000010008648       0x50 CMakeFiles/main.dir/mnt/d/OneDrive/OneDrive_-_Technical_University_of_Cluj-Napoca/Research/RpiPico/pico-sdk/src/rp2_common/pico_printf/printf.c.obj
 .rodata.__aeabi_double_init.str1.4
                0x0000000010008698       0xda CMakeFiles/main.dir/mnt/d/OneDrive/OneDrive_-_Technical_University_of_Cluj-Napoca/Research/RpiPico/pico-sdk/src/rp2_common/pico_double/double_init_rom.c.obj
 *fill*         0x0000000010008772        0x2 
 .rodata.__func__.0